---
source: crates/as2/src/program.rs
expression: parsed
input_file: samples/as2_errors/special_functions/fscommand.as
---
error: Wrong number of parameters; FSCommand requires between 1 and 2.
  ╭▸ fscommand.as:1:1
  │
1 │ fscommand();
  │ ━━━━━━━━━━━
  ╰╴
error: Wrong number of parameters; FSCommand requires between 1 and 2.
  ╭▸ fscommand.as:2:1
  │
2 │ fscommand(a, b, c);
  ╰╴━━━━━━━━━━━━━━━━━━
