---
source: crates/as2/src/program.rs
expression: parsed
input_file: samples/as2_classes/ClassMembersTest.as
---
Ok:
  initial_script: []
  interfaces:
    - name: AnEmptyInterface
      extends: ~
      functions: {}
    - name: path.to.ANestedInterface
      extends: ~
      functions:
        success:
          name:
            span:
              start: 47
              end: 54
            value: success
          args: []
          return_type: ~
  classes:
    - name: ClassMembersTest
      extends: ~
      implements:
        - AnEmptyInterface
      functions:
        test:
          function:
            signature:
              name:
                span:
                  start: 283
                  end: 287
                value: test
              args: []
              return_type: ~
            body:
              - Expr:
                  span:
                    start: 300
                    end: 314
                  value:
                    Trace:
                      span:
                        start: 306
                        end: 313
                      value:
                        Constant:
                          String: test!
          is_static: false
        greet:
          function:
            signature:
              name:
                span:
                  start: 567
                  end: 572
                value: greet
              args:
                - name: name
                  type_name:
                    span:
                      start: 579
                      end: 585
                    value: String
              return_type:
                span:
                  start: 588
                  end: 592
                value: Void
            body:
              - Expr:
                  span:
                    start: 603
                    end: 630
                  value:
                    Trace:
                      span:
                        start: 609
                        end: 629
                      value:
                        BinaryOperator:
                          - Add
                          - span:
                              start: 609
                              end: 623
                            value:
                              BinaryOperator:
                                - Add
                                - span:
                                    start: 609
                                    end: 616
                                  value:
                                    Constant:
                                      String: "Hey, "
                                - span:
                                    start: 619
                                    end: 623
                                  value:
                                    Constant:
                                      Identifier: name
                          - span:
                              start: 626
                              end: 629
                            value:
                              Constant:
                                String: "!"
              - Expr:
                  span:
                    start: 640
                    end: 657
                  value:
                    Call:
                      name:
                        span:
                          start: 640
                          end: 655
                        value:
                          Field:
                            - span:
                                start: 640
                                end: 655
                              value:
                                Constant:
                                  Identifier: ClassMembersTest
                            - span:
                                start: 640
                                end: 655
                              value:
                                Constant:
                                  String: shoutStatically
                      args: []
          is_static: false
        shoutStatically:
          function:
            signature:
              name:
                span:
                  start: 686
                  end: 701
                value: shoutStatically
              args: []
              return_type: ~
            body:
              - Expr:
                  span:
                    start: 714
                    end: 727
                  value:
                    Trace:
                      span:
                        start: 720
                        end: 726
                      value:
                        Field:
                          - span:
                              start: 720
                              end: 726
                            value:
                              Constant:
                                Identifier: ClassMembersTest
                          - span:
                              start: 720
                              end: 726
                            value:
                              Constant:
                                String: scream
          is_static: true
        maybeABitmapData:
          function:
            signature:
              name:
                span:
                  start: 749
                  end: 765
                value: maybeABitmapData
              args: []
              return_type:
                span:
                  start: 769
                  end: 779
                value: flash.display.BitmapData
            body:
              - Return:
                  - span:
                      start: 797
                      end: 801
                    value:
                      Constant:
                        Identifier: "null"
          is_static: false
        secret:
          function:
            signature:
              name:
                span:
                  start: 844
                  end: 850
                value: secret
              args: []
              return_type: ~
            body: []
          is_static: false
        notASecret:
          function:
            signature:
              name:
                span:
                  start: 877
                  end: 887
                value: notASecret
              args: []
              return_type: ~
            body: []
          is_static: false
      fields:
        regularPropertyWithoutValue:
          value: ~
          type_name: ~
          is_static: false
        regularPropertySetToFive:
          value:
            span:
              start: 188
              end: 189
            value:
              Constant:
                Integer: 5
          type_name: ~
          is_static: false
        BitmapData:
          value:
            span:
              start: 212
              end: 234
            value:
              Constant:
                String: BitmapData on class!
          type_name: ~
          is_static: false
        scream:
          value:
            span:
              start: 260
              end: 267
            value:
              Constant:
                String: Ahhh!
          type_name: ~
          is_static: true
      constructor:
        signature:
          name:
            span:
              start: 336
              end: 352
            value: ClassMembersTest
          args:
            - name: name
              type_name:
                span:
                  start: 359
                  end: 365
                value: String
          return_type: ~
        body:
          - Expr:
              span:
                start: 377
                end: 391
              value:
                Call:
                  name:
                    span:
                      start: 377
                      end: 382
                    value:
                      Field:
                        - span:
                            start: 377
                            end: 382
                          value:
                            Constant: This
                        - span:
                            start: 377
                            end: 382
                          value:
                            Constant:
                              String: greet
                  args:
                    - span:
                        start: 383
                        end: 390
                      value:
                        Constant:
                          String: world
          - Expr:
              span:
                start: 401
                end: 418
              value:
                Trace:
                  span:
                    start: 407
                    end: 417
                  value:
                    Field:
                      - span:
                          start: 407
                          end: 417
                        value:
                          Constant: This
                      - span:
                          start: 407
                          end: 417
                        value:
                          Constant:
                            String: BitmapData
          - Expr:
              span:
                start: 428
                end: 496
              value:
                Trace:
                  span:
                    start: 434
                    end: 495
                  value:
                    BinaryOperator:
                      - Add
                      - span:
                          start: 434
                          end: 465
                        value:
                          Constant:
                            String: "regularPropertyWithoutValue: "
                      - span:
                          start: 468
                          end: 495
                        value:
                          Field:
                            - span:
                                start: 468
                                end: 495
                              value:
                                Constant: This
                            - span:
                                start: 468
                                end: 495
                              value:
                                Constant:
                                  String: regularPropertyWithoutValue
          - Expr:
              span:
                start: 507
                end: 545
              value:
                Trace:
                  span:
                    start: 534
                    end: 544
                  value:
                    Call:
                      name:
                        span:
                          start: 534
                          end: 542
                        value:
                          Field:
                            - span:
                                start: 525
                                end: 534
                              value:
                                Call:
                                  name:
                                    span:
                                      start: 525
                                      end: 532
                                    value:
                                      Field:
                                        - span:
                                            start: 513
                                            end: 525
                                          value:
                                            Field:
                                              - span:
                                                  start: 513
                                                  end: 525
                                                value:
                                                  Field:
                                                    - span:
                                                        start: 513
                                                        end: 525
                                                      value:
                                                        Constant:
                                                          Identifier: path
                                                    - span:
                                                        start: 513
                                                        end: 525
                                                      value:
                                                        Constant:
                                                          String: to
                                              - span:
                                                  start: 513
                                                  end: 525
                                                value:
                                                  Constant:
                                                    String: ANestedClass
                                        - span:
                                            start: 526
                                            end: 532
                                          value:
                                            Constant:
                                              String: create
                                  args: []
                            - span:
                                start: 535
                                end: 542
                              value:
                                Constant:
                                  String: success
                      args: []
    - name: path.to.ANestedClass
      extends: path.to.ANestedBaseClass
      implements:
        - path.to.ANestedInterface
      functions:
        create:
          function:
            signature:
              name:
                span:
                  start: 163
                  end: 169
                value: create
              args: []
              return_type:
                span:
                  start: 173
                  end: 185
                value: path.to.ANestedClass
            body:
              - Return:
                  - span:
                      start: 203
                      end: 206
                    value:
                      New:
                        name:
                          span:
                            start: 207
                            end: 219
                          value:
                            Field:
                              - span:
                                  start: 207
                                  end: 219
                                value:
                                  Field:
                                    - span:
                                        start: 207
                                        end: 219
                                      value:
                                        Constant:
                                          Identifier: path
                                    - span:
                                        start: 207
                                        end: 219
                                      value:
                                        Constant:
                                          String: to
                              - span:
                                  start: 207
                                  end: 219
                                value:
                                  Constant:
                                    String: ANestedClass
                        args: []
          is_static: true
        success:
          function:
            signature:
              name:
                span:
                  start: 250
                  end: 257
                value: success
              args: []
              return_type: ~
            body:
              - Expr:
                  span:
                    start: 270
                    end: 297
                  value:
                    Trace:
                      span:
                        start: 288
                        end: 296
                      value:
                        Field:
                          - span:
                              start: 276
                              end: 288
                            value:
                              Field:
                                - span:
                                    start: 276
                                    end: 288
                                  value:
                                    Field:
                                      - span:
                                          start: 276
                                          end: 288
                                        value:
                                          Constant:
                                            Identifier: path
                                      - span:
                                          start: 276
                                          end: 288
                                        value:
                                          Constant:
                                            String: to
                                - span:
                                    start: 276
                                    end: 288
                                  value:
                                    Constant:
                                      String: ANestedClass
                          - span:
                              start: 289
                              end: 296
                            value:
                              Constant:
                                String: message
          is_static: false
      fields:
        message:
          value:
            span:
              start: 123
              end: 133
            value:
              Constant:
                String: Success!
          type_name: ~
          is_static: true
      constructor:
        signature:
          name:
            span:
              start: 6
              end: 26
            value: path.to.ANestedClass
          args: []
          return_type: ~
        body: []
    - name: path.to.ANestedBaseClass
      extends: ~
      implements: []
      functions: {}
      fields: {}
      constructor:
        signature:
          name:
            span:
              start: 6
              end: 30
            value: path.to.ANestedBaseClass
          args: []
          return_type: ~
        body: []
