---
source: crates/as2/src/program.rs
expression: parsed
input_file: samples/as2/function_in_loop_break_continue.as
---
Ok:
  initial_script:
    - ForIn:
        condition:
          Classic:
            initialize:
              Declare:
                - name: i
                  value:
                    span:
                      start: 13
                      end: 14
                    value:
                      Constant:
                        Integer: 0
                  type_name: ~
            condition:
              - span:
                  start: 16
                  end: 21
                value:
                  BinaryOperator:
                    - LessThan
                    - span:
                        start: 16
                        end: 17
                      value:
                        Constant:
                          Identifier: i
                    - span:
                        start: 20
                        end: 21
                      value:
                        Constant:
                          Integer: 5
            update:
              - span:
                  start: 24
                  end: 26
                value:
                  UnaryOperator:
                    - Increment: Postfix
                    - span:
                        start: 23
                        end: 24
                      value:
                        Constant:
                          Identifier: i
        body:
          Block:
            - Expr:
                span:
                  start: 34
                  end: 54
                value:
                  Trace:
                    span:
                      start: 40
                      end: 53
                    value:
                      BinaryOperator:
                        - Add
                        - span:
                            start: 40
                            end: 49
                          value:
                            Constant:
                              String: loop i=
                        - span:
                            start: 52
                            end: 53
                          value:
                            Constant:
                              Identifier: i
            - Declare:
                - name: decide
                  value:
                    span:
                      start: 123
                      end: 288
                    value:
                      Function:
                        name: ~
                        args:
                          - name: v
                            type_name: ~
                        body:
                          - If:
                              condition:
                                span:
                                  start: 149
                                  end: 155
                                value:
                                  BinaryOperator:
                                    - Equal
                                    - span:
                                        start: 149
                                        end: 150
                                      value:
                                        Constant:
                                          Identifier: v
                                    - span:
                                        start: 154
                                        end: 155
                                      value:
                                        Constant:
                                          Integer: 1
                              "yes":
                                Block:
                                  - Return:
                                      - span:
                                          start: 178
                                          end: 188
                                        value:
                                          Constant:
                                            String: continue
                              "no": ~
                          - If:
                              condition:
                                span:
                                  start: 212
                                  end: 218
                                value:
                                  BinaryOperator:
                                    - Equal
                                    - span:
                                        start: 212
                                        end: 213
                                      value:
                                        Constant:
                                          Identifier: v
                                    - span:
                                        start: 217
                                        end: 218
                                      value:
                                        Constant:
                                          Integer: 3
                              "yes":
                                Block:
                                  - Return:
                                      - span:
                                          start: 241
                                          end: 248
                                        value:
                                          Constant:
                                            String: break
                              "no": ~
                          - Return:
                              - span:
                                  start: 275
                                  end: 281
                                value:
                                  Constant:
                                    String: none
                        return_type: ~
                  type_name: ~
            - Declare:
                - name: naughty
                  value:
                    span:
                      start: 381
                      end: 414
                    value:
                      Function:
                        name: ~
                        args: []
                        body:
                          - Break
                        return_type: ~
                  type_name: ~
            - Expr:
                span:
                  start: 420
                  end: 429
                value:
                  Call:
                    name:
                      span:
                        start: 420
                        end: 427
                      value:
                        Constant:
                          Identifier: naughty
                    args: []
            - Declare:
                - name: action
                  value:
                    span:
                      start: 449
                      end: 458
                    value:
                      Call:
                        name:
                          span:
                            start: 449
                            end: 455
                          value:
                            Constant:
                              Identifier: decide
                        args:
                          - span:
                              start: 456
                              end: 457
                            value:
                              Constant:
                                Identifier: i
                  type_name: ~
            - If:
                condition:
                  span:
                    start: 468
                    end: 488
                  value:
                    BinaryOperator:
                      - Equal
                      - span:
                          start: 468
                          end: 474
                        value:
                          Constant:
                            Identifier: action
                      - span:
                          start: 478
                          end: 488
                        value:
                          Constant:
                            String: continue
                "yes":
                  Block:
                    - Continue
                "no": ~
            - If:
                condition:
                  span:
                    start: 524
                    end: 541
                  value:
                    BinaryOperator:
                      - Equal
                      - span:
                          start: 524
                          end: 530
                        value:
                          Constant:
                            Identifier: action
                      - span:
                          start: 534
                          end: 541
                        value:
                          Constant:
                            String: break
                "yes":
                  Block:
                    - Break
                "no": ~
            - Expr:
                span:
                  start: 571
                  end: 593
                value:
                  Trace:
                    span:
                      start: 577
                      end: 592
                    value:
                      BinaryOperator:
                        - Add
                        - span:
                            start: 577
                            end: 588
                          value:
                            Constant:
                              String: "  work i="
                        - span:
                            start: 591
                            end: 592
                          value:
                            Constant:
                              Identifier: i
    - Expr:
        span:
          start: 598
          end: 610
        value:
          Trace:
            span:
              start: 604
              end: 609
            value:
              Constant:
                String: end
  interfaces: []
