---
source: src/parser/tests.rs
expression: parsed
input_file: samples/assign_variable_many_ways.as
---
Ok:
  expressions:
    - Declare:
        name: message
        value:
          BinaryOperator:
            - Add
            - Constant:
                String: Hello
            - Constant:
                String: " "
    - EVal:
        BinaryOperator:
          - AddAssign
          - Constant:
              Identifier: message
          - Constant:
              String: World
    - EVal:
        BinaryOperator:
          - Assign
          - Constant:
              Identifier: message
          - BinaryOperator:
              - Add
              - Constant:
                  Identifier: message
              - Constant:
                  String: "!"
    - EVal:
        Call:
          name:
            Constant:
              Identifier: trace
          args:
            - Constant:
                Identifier: message
