---
source: src/parser/tests.rs
expression: parsed
input_file: samples/objects.as
---
Ok:
  statements:
    - Declare:
        name: o
        value:
          InitObject:
            - - a
              - Constant:
                  Integer: 1
    - Expr:
        Call:
          name:
            Constant:
              Identifier: trace
          args:
            - BinaryOperator:
                - Add
                - Constant:
                    String: "o.a: "
                - Field:
                    - Constant:
                        Identifier: o
                    - a
