---
source: crates/as2/src/parser/tests.rs
expression: parsed
input_file: samples/as2/special_functions.as
---
Ok:
  statements:
    - Expr:
        span:
          start: 0
          end: 9
        value:
          Call:
            name:
              span:
                start: 0
                end: 4
              value:
                Constant:
                  Identifier: call
            args:
              - span:
                  start: 5
                  end: 8
                value:
                  Constant:
                    Integer: 123
    - Expr:
        span:
          start: 11
          end: 22
        value:
          Call:
            name:
              span:
                start: 11
                end: 17
              value:
                Constant:
                  Identifier: random
            args:
              - span:
                  start: 18
                  end: 21
                value:
                  Constant:
                    Integer: 123
    - Expr:
        span:
          start: 24
          end: 40
        value:
          Call:
            name:
              span:
                start: 24
                end: 29
              value:
                Constant:
                  Identifier: trace
            args:
              - span:
                  start: 30
                  end: 39
                value:
                  Constant:
                    String: message
