---
source: crates/as2_pcode/src/parser/tests.rs
expression: "parsed.unwrap_or_else(|_| Actions::empty())"
input_file: samples/as2_pcode/special_functions.pcode
---
ConstantPool "x", "http://ruffle.rs", "window", "/:$version", "message"
Push 123
Call
Push constant0
GetVariable
AsciiToChar
Pop
GetTime
Pop
GetUrl "http://ruffle.rs", ""
GetUrl "http://ruffle.rs", "window"
Push constant1
Push constant2
GetUrl2 false, false, 1
Push constant3
GetVariable
Pop
GotoFrame 122
Play
GotoLabel "123"
Play
Push constant0
GetVariable
GotoFrame2 false, true
GotoFrame 122
Play
GotoLabel "123"
Play
Push constant0
GetVariable
GotoFrame2 false, true
Push constant0
GetVariable
GotoFrame2 false, true
GotoFrame 65535
Play
GotoFrame 0
Play
GotoFrame 1
Play
GotoFrame 0
Play
GotoFrame 122
GotoLabel "123"
Push constant0
GetVariable
GotoFrame2 false, false
GotoFrame 122
GotoLabel "123"
Push constant0
GetVariable
GotoFrame2 false, false
Push constant0
GetVariable
GotoFrame2 false, false
Push constant0
GetVariable
ToInteger
Pop
Push 123
RandomNumber
Pop
Push constant4
Trace
