---
source: crates/as2/src/lexer/tests.rs
expression: tokens
input_file: samples/op_precedence/comparison.as
---
- kind:
    Keyword: Var
  span:
    start: 13
    end: 16
  raw: var
- kind: Identifier
  span:
    start: 17
    end: 18
  raw: a
- kind:
    Operator: Assign
  span:
    start: 19
    end: 20
  raw: "="
- kind: Integer
  span:
    start: 21
    end: 23
  raw: "10"
- kind: Semicolon
  span:
    start: 23
    end: 24
  raw: ;
- kind: Newline
  span:
    start: 24
    end: 25
  raw: "\n"
- kind:
    Keyword: Var
  span:
    start: 25
    end: 28
  raw: var
- kind: Identifier
  span:
    start: 29
    end: 30
  raw: b
- kind:
    Operator: Assign
  span:
    start: 31
    end: 32
  raw: "="
- kind: Integer
  span:
    start: 33
    end: 34
  raw: "5"
- kind: Semicolon
  span:
    start: 34
    end: 35
  raw: ;
- kind: Newline
  span:
    start: 35
    end: 36
  raw: "\n"
- kind:
    Keyword: Var
  span:
    start: 36
    end: 39
  raw: var
- kind: Identifier
  span:
    start: 40
    end: 41
  raw: c
- kind:
    Operator: Assign
  span:
    start: 42
    end: 43
  raw: "="
- kind: Integer
  span:
    start: 44
    end: 45
  raw: "7"
- kind: Semicolon
  span:
    start: 45
    end: 46
  raw: ;
- kind: Newline
  span:
    start: 46
    end: 47
  raw: "\n"
- kind: Newline
  span:
    start: 47
    end: 48
  raw: "\n"
- kind: Identifier
  span:
    start: 48
    end: 53
  raw: trace
- kind: OpenParen
  span:
    start: 53
    end: 54
  raw: (
- kind:
    String: Double
  span:
    start: 54
    end: 58
  raw: a=
- kind:
    Operator: Add
  span:
    start: 59
    end: 60
  raw: +
- kind: Identifier
  span:
    start: 61
    end: 62
  raw: a
- kind:
    Operator: Add
  span:
    start: 63
    end: 64
  raw: +
- kind:
    String: Double
  span:
    start: 65
    end: 71
  raw: ", b="
- kind:
    Operator: Add
  span:
    start: 72
    end: 73
  raw: +
- kind: Identifier
  span:
    start: 74
    end: 75
  raw: b
- kind:
    Operator: Add
  span:
    start: 76
    end: 77
  raw: +
- kind:
    String: Double
  span:
    start: 78
    end: 84
  raw: ", c="
- kind:
    Operator: Add
  span:
    start: 85
    end: 86
  raw: +
- kind: Identifier
  span:
    start: 87
    end: 88
  raw: c
- kind: CloseParen
  span:
    start: 88
    end: 89
  raw: )
- kind: Semicolon
  span:
    start: 89
    end: 90
  raw: ;
- kind: Newline
  span:
    start: 90
    end: 91
  raw: "\n"
- kind: Identifier
  span:
    start: 91
    end: 96
  raw: trace
- kind: OpenParen
  span:
    start: 96
    end: 97
  raw: (
- kind:
    String: Double
  span:
    start: 97
    end: 103
  raw: "----"
- kind: CloseParen
  span:
    start: 103
    end: 104
  raw: )
- kind: Semicolon
  span:
    start: 104
    end: 105
  raw: ;
- kind: Newline
  span:
    start: 105
    end: 106
  raw: "\n"
- kind: Newline
  span:
    start: 106
    end: 107
  raw: "\n"
- kind: Identifier
  span:
    start: 128
    end: 133
  raw: trace
- kind: OpenParen
  span:
    start: 133
    end: 134
  raw: (
- kind:
    String: Double
  span:
    start: 134
    end: 144
  raw: "a > b = "
- kind:
    Operator: Add
  span:
    start: 145
    end: 146
  raw: +
- kind: OpenParen
  span:
    start: 147
    end: 148
  raw: (
- kind: Identifier
  span:
    start: 148
    end: 149
  raw: a
- kind:
    Operator: GreaterThan
  span:
    start: 150
    end: 151
  raw: ">"
- kind: Identifier
  span:
    start: 152
    end: 153
  raw: b
- kind: CloseParen
  span:
    start: 153
    end: 154
  raw: )
- kind: CloseParen
  span:
    start: 154
    end: 155
  raw: )
- kind: Semicolon
  span:
    start: 155
    end: 156
  raw: ;
- kind: Identifier
  span:
    start: 167
    end: 172
  raw: trace
- kind: OpenParen
  span:
    start: 172
    end: 173
  raw: (
- kind:
    String: Double
  span:
    start: 173
    end: 183
  raw: "a < b = "
- kind:
    Operator: Add
  span:
    start: 184
    end: 185
  raw: +
- kind: OpenParen
  span:
    start: 186
    end: 187
  raw: (
- kind: Identifier
  span:
    start: 187
    end: 188
  raw: a
- kind:
    Operator: LessThan
  span:
    start: 189
    end: 190
  raw: "<"
- kind: Identifier
  span:
    start: 191
    end: 192
  raw: b
- kind: CloseParen
  span:
    start: 192
    end: 193
  raw: )
- kind: CloseParen
  span:
    start: 193
    end: 194
  raw: )
- kind: Semicolon
  span:
    start: 194
    end: 195
  raw: ;
- kind: Identifier
  span:
    start: 207
    end: 212
  raw: trace
- kind: OpenParen
  span:
    start: 212
    end: 213
  raw: (
- kind:
    String: Double
  span:
    start: 213
    end: 224
  raw: "a >= b = "
- kind:
    Operator: Add
  span:
    start: 225
    end: 226
  raw: +
- kind: OpenParen
  span:
    start: 227
    end: 228
  raw: (
- kind: Identifier
  span:
    start: 228
    end: 229
  raw: a
- kind:
    Operator: GreaterThanEqual
  span:
    start: 230
    end: 232
  raw: ">="
- kind: Identifier
  span:
    start: 233
    end: 234
  raw: b
- kind: CloseParen
  span:
    start: 234
    end: 235
  raw: )
- kind: CloseParen
  span:
    start: 235
    end: 236
  raw: )
- kind: Semicolon
  span:
    start: 236
    end: 237
  raw: ;
- kind: Identifier
  span:
    start: 246
    end: 251
  raw: trace
- kind: OpenParen
  span:
    start: 251
    end: 252
  raw: (
- kind:
    String: Double
  span:
    start: 252
    end: 263
  raw: "a <= b = "
- kind:
    Operator: Add
  span:
    start: 264
    end: 265
  raw: +
- kind: OpenParen
  span:
    start: 266
    end: 267
  raw: (
- kind: Identifier
  span:
    start: 267
    end: 268
  raw: a
- kind:
    Operator: LessThanEqual
  span:
    start: 269
    end: 271
  raw: "<="
- kind: Identifier
  span:
    start: 272
    end: 273
  raw: b
- kind: CloseParen
  span:
    start: 273
    end: 274
  raw: )
- kind: CloseParen
  span:
    start: 274
    end: 275
  raw: )
- kind: Semicolon
  span:
    start: 275
    end: 276
  raw: ;
- kind: Identifier
  span:
    start: 286
    end: 291
  raw: trace
- kind: OpenParen
  span:
    start: 291
    end: 292
  raw: (
- kind:
    String: Double
  span:
    start: 292
    end: 297
  raw: "---"
- kind: CloseParen
  span:
    start: 297
    end: 298
  raw: )
- kind: Semicolon
  span:
    start: 298
    end: 299
  raw: ;
- kind: Newline
  span:
    start: 299
    end: 300
  raw: "\n"
- kind: Newline
  span:
    start: 300
    end: 301
  raw: "\n"
- kind: Identifier
  span:
    start: 329
    end: 334
  raw: trace
- kind: OpenParen
  span:
    start: 334
    end: 335
  raw: (
- kind:
    String: Double
  span:
    start: 335
    end: 350
  raw: "a > b >= c = "
- kind:
    Operator: Add
  span:
    start: 351
    end: 352
  raw: +
- kind: OpenParen
  span:
    start: 353
    end: 354
  raw: (
- kind: Identifier
  span:
    start: 354
    end: 355
  raw: a
- kind:
    Operator: GreaterThan
  span:
    start: 356
    end: 357
  raw: ">"
- kind: Identifier
  span:
    start: 358
    end: 359
  raw: b
- kind:
    Operator: GreaterThanEqual
  span:
    start: 360
    end: 362
  raw: ">="
- kind: Identifier
  span:
    start: 363
    end: 364
  raw: c
- kind: CloseParen
  span:
    start: 364
    end: 365
  raw: )
- kind: CloseParen
  span:
    start: 365
    end: 366
  raw: )
- kind: Semicolon
  span:
    start: 366
    end: 367
  raw: ;
- kind: Identifier
  span:
    start: 377
    end: 382
  raw: trace
- kind: OpenParen
  span:
    start: 382
    end: 383
  raw: (
- kind:
    String: Double
  span:
    start: 383
    end: 402
  raw: "((a > b) >= c) = "
- kind:
    Operator: Add
  span:
    start: 403
    end: 404
  raw: +
- kind: OpenParen
  span:
    start: 405
    end: 406
  raw: (
- kind: OpenParen
  span:
    start: 406
    end: 407
  raw: (
- kind: Identifier
  span:
    start: 407
    end: 408
  raw: a
- kind:
    Operator: GreaterThan
  span:
    start: 409
    end: 410
  raw: ">"
- kind: Identifier
  span:
    start: 411
    end: 412
  raw: b
- kind: CloseParen
  span:
    start: 412
    end: 413
  raw: )
- kind:
    Operator: GreaterThanEqual
  span:
    start: 414
    end: 416
  raw: ">="
- kind: Identifier
  span:
    start: 417
    end: 418
  raw: c
- kind: CloseParen
  span:
    start: 418
    end: 419
  raw: )
- kind: CloseParen
  span:
    start: 419
    end: 420
  raw: )
- kind: Semicolon
  span:
    start: 420
    end: 421
  raw: ;
- kind: Identifier
  span:
    start: 431
    end: 436
  raw: trace
- kind: OpenParen
  span:
    start: 436
    end: 437
  raw: (
- kind:
    String: Double
  span:
    start: 437
    end: 442
  raw: "---"
- kind: CloseParen
  span:
    start: 442
    end: 443
  raw: )
- kind: Semicolon
  span:
    start: 443
    end: 444
  raw: ;
- kind: Newline
  span:
    start: 444
    end: 445
  raw: "\n"
- kind: Newline
  span:
    start: 445
    end: 446
  raw: "\n"
- kind: Identifier
  span:
    start: 446
    end: 451
  raw: trace
- kind: OpenParen
  span:
    start: 451
    end: 452
  raw: (
- kind:
    String: Double
  span:
    start: 452
    end: 467
  raw: "a < b <= c = "
- kind:
    Operator: Add
  span:
    start: 468
    end: 469
  raw: +
- kind: OpenParen
  span:
    start: 470
    end: 471
  raw: (
- kind: Identifier
  span:
    start: 471
    end: 472
  raw: a
- kind:
    Operator: LessThan
  span:
    start: 473
    end: 474
  raw: "<"
- kind: Identifier
  span:
    start: 475
    end: 476
  raw: b
- kind:
    Operator: LessThanEqual
  span:
    start: 477
    end: 479
  raw: "<="
- kind: Identifier
  span:
    start: 480
    end: 481
  raw: c
- kind: CloseParen
  span:
    start: 481
    end: 482
  raw: )
- kind: CloseParen
  span:
    start: 482
    end: 483
  raw: )
- kind: Semicolon
  span:
    start: 483
    end: 484
  raw: ;
- kind: Identifier
  span:
    start: 493
    end: 498
  raw: trace
- kind: OpenParen
  span:
    start: 498
    end: 499
  raw: (
- kind:
    String: Double
  span:
    start: 499
    end: 518
  raw: "((a < b) <= c) = "
- kind:
    Operator: Add
  span:
    start: 519
    end: 520
  raw: +
- kind: OpenParen
  span:
    start: 521
    end: 522
  raw: (
- kind: OpenParen
  span:
    start: 522
    end: 523
  raw: (
- kind: Identifier
  span:
    start: 523
    end: 524
  raw: a
- kind:
    Operator: LessThan
  span:
    start: 525
    end: 526
  raw: "<"
- kind: Identifier
  span:
    start: 527
    end: 528
  raw: b
- kind: CloseParen
  span:
    start: 528
    end: 529
  raw: )
- kind:
    Operator: LessThanEqual
  span:
    start: 530
    end: 532
  raw: "<="
- kind: Identifier
  span:
    start: 533
    end: 534
  raw: c
- kind: CloseParen
  span:
    start: 534
    end: 535
  raw: )
- kind: CloseParen
  span:
    start: 535
    end: 536
  raw: )
- kind: Semicolon
  span:
    start: 536
    end: 537
  raw: ;
- kind: Identifier
  span:
    start: 546
    end: 551
  raw: trace
- kind: OpenParen
  span:
    start: 551
    end: 552
  raw: (
- kind:
    String: Double
  span:
    start: 552
    end: 557
  raw: "---"
- kind: CloseParen
  span:
    start: 557
    end: 558
  raw: )
- kind: Semicolon
  span:
    start: 558
    end: 559
  raw: ;
- kind: Newline
  span:
    start: 559
    end: 560
  raw: "\n"
- kind: Newline
  span:
    start: 560
    end: 561
  raw: "\n"
- kind: Identifier
  span:
    start: 587
    end: 592
  raw: trace
- kind: OpenParen
  span:
    start: 592
    end: 593
  raw: (
- kind:
    String: Double
  span:
    start: 593
    end: 607
  raw: "a + b > c = "
- kind:
    Operator: Add
  span:
    start: 608
    end: 609
  raw: +
- kind: OpenParen
  span:
    start: 610
    end: 611
  raw: (
- kind: Identifier
  span:
    start: 611
    end: 612
  raw: a
- kind:
    Operator: Add
  span:
    start: 613
    end: 614
  raw: +
- kind: Identifier
  span:
    start: 615
    end: 616
  raw: b
- kind:
    Operator: GreaterThan
  span:
    start: 617
    end: 618
  raw: ">"
- kind: Identifier
  span:
    start: 619
    end: 620
  raw: c
- kind: CloseParen
  span:
    start: 620
    end: 621
  raw: )
- kind: CloseParen
  span:
    start: 621
    end: 622
  raw: )
- kind: Semicolon
  span:
    start: 622
    end: 623
  raw: ;
- kind: Identifier
  span:
    start: 632
    end: 637
  raw: trace
- kind: OpenParen
  span:
    start: 637
    end: 638
  raw: (
- kind:
    String: Double
  span:
    start: 638
    end: 656
  raw: "((a + b) > c) = "
- kind:
    Operator: Add
  span:
    start: 657
    end: 658
  raw: +
- kind: OpenParen
  span:
    start: 659
    end: 660
  raw: (
- kind: OpenParen
  span:
    start: 660
    end: 661
  raw: (
- kind: Identifier
  span:
    start: 661
    end: 662
  raw: a
- kind:
    Operator: Add
  span:
    start: 663
    end: 664
  raw: +
- kind: Identifier
  span:
    start: 665
    end: 666
  raw: b
- kind: CloseParen
  span:
    start: 666
    end: 667
  raw: )
- kind:
    Operator: GreaterThan
  span:
    start: 668
    end: 669
  raw: ">"
- kind: Identifier
  span:
    start: 670
    end: 671
  raw: c
- kind: CloseParen
  span:
    start: 671
    end: 672
  raw: )
- kind: CloseParen
  span:
    start: 672
    end: 673
  raw: )
- kind: Semicolon
  span:
    start: 673
    end: 674
  raw: ;
- kind: Identifier
  span:
    start: 683
    end: 688
  raw: trace
- kind: OpenParen
  span:
    start: 688
    end: 689
  raw: (
- kind:
    String: Double
  span:
    start: 689
    end: 694
  raw: "---"
- kind: CloseParen
  span:
    start: 694
    end: 695
  raw: )
- kind: Semicolon
  span:
    start: 695
    end: 696
  raw: ;
- kind: Newline
  span:
    start: 696
    end: 697
  raw: "\n"
- kind: Newline
  span:
    start: 697
    end: 698
  raw: "\n"
- kind: Identifier
  span:
    start: 698
    end: 703
  raw: trace
- kind: OpenParen
  span:
    start: 703
    end: 704
  raw: (
- kind:
    String: Double
  span:
    start: 704
    end: 723
  raw: "a * b <= c + 5 = "
- kind:
    Operator: Add
  span:
    start: 724
    end: 725
  raw: +
- kind: OpenParen
  span:
    start: 726
    end: 727
  raw: (
- kind: Identifier
  span:
    start: 727
    end: 728
  raw: a
- kind:
    Operator: Multiply
  span:
    start: 729
    end: 730
  raw: "*"
- kind: Identifier
  span:
    start: 731
    end: 732
  raw: b
- kind:
    Operator: LessThanEqual
  span:
    start: 733
    end: 735
  raw: "<="
- kind: Identifier
  span:
    start: 736
    end: 737
  raw: c
- kind:
    Operator: Add
  span:
    start: 738
    end: 739
  raw: +
- kind: Integer
  span:
    start: 740
    end: 741
  raw: "5"
- kind: CloseParen
  span:
    start: 741
    end: 742
  raw: )
- kind: CloseParen
  span:
    start: 742
    end: 743
  raw: )
- kind: Semicolon
  span:
    start: 743
    end: 744
  raw: ;
- kind: Identifier
  span:
    start: 754
    end: 759
  raw: trace
- kind: OpenParen
  span:
    start: 759
    end: 760
  raw: (
- kind:
    String: Double
  span:
    start: 760
    end: 785
  raw: "((a * b) <= (c + 5)) = "
- kind:
    Operator: Add
  span:
    start: 786
    end: 787
  raw: +
- kind: OpenParen
  span:
    start: 788
    end: 789
  raw: (
- kind: OpenParen
  span:
    start: 789
    end: 790
  raw: (
- kind: Identifier
  span:
    start: 790
    end: 791
  raw: a
- kind:
    Operator: Multiply
  span:
    start: 792
    end: 793
  raw: "*"
- kind: Identifier
  span:
    start: 794
    end: 795
  raw: b
- kind: CloseParen
  span:
    start: 795
    end: 796
  raw: )
- kind:
    Operator: LessThanEqual
  span:
    start: 797
    end: 799
  raw: "<="
- kind: OpenParen
  span:
    start: 800
    end: 801
  raw: (
- kind: Identifier
  span:
    start: 801
    end: 802
  raw: c
- kind:
    Operator: Add
  span:
    start: 803
    end: 804
  raw: +
- kind: Integer
  span:
    start: 805
    end: 806
  raw: "5"
- kind: CloseParen
  span:
    start: 806
    end: 807
  raw: )
- kind: CloseParen
  span:
    start: 807
    end: 808
  raw: )
- kind: CloseParen
  span:
    start: 808
    end: 809
  raw: )
- kind: Semicolon
  span:
    start: 809
    end: 810
  raw: ;
