---
source: crates/as2_pcode/src/lexer/tests.rs
expression: tokens
input_file: samples/as2_pcode/special_functions.pcode
---
- kind:
    ActionName: ConstantPool
  span:
    start: 0
    end: 12
  raw: ConstantPool
- kind: String
  span:
    start: 13
    end: 16
  raw: x
- kind: Comma
  span:
    start: 16
    end: 17
  raw: ","
- kind: String
  span:
    start: 18
    end: 23
  raw: foo
- kind: Comma
  span:
    start: 23
    end: 24
  raw: ","
- kind: String
  span:
    start: 25
    end: 34
  raw: newname
- kind: Comma
  span:
    start: 34
    end: 35
  raw: ","
- kind: String
  span:
    start: 36
    end: 42
  raw: this
- kind: Comma
  span:
    start: 42
    end: 43
  raw: ","
- kind: String
  span:
    start: 44
    end: 65
  raw: getNextHighestDepth
- kind: Comma
  span:
    start: 65
    end: 66
  raw: ","
- kind: String
  span:
    start: 67
    end: 85
  raw: "http://ruffle.rs"
- kind: Comma
  span:
    start: 85
    end: 86
  raw: ","
- kind: String
  span:
    start: 87
    end: 95
  raw: window
- kind: Comma
  span:
    start: 95
    end: 96
  raw: ","
- kind: String
  span:
    start: 97
    end: 109
  raw: "/:$version"
- kind: Comma
  span:
    start: 109
    end: 110
  raw: ","
- kind: String
  span:
    start: 111
    end: 116
  raw: url
- kind: Comma
  span:
    start: 116
    end: 117
  raw: ","
- kind: String
  span:
    start: 118
    end: 126
  raw: target
- kind: Comma
  span:
    start: 126
    end: 127
  raw: ","
- kind: String
  span:
    start: 128
    end: 138
  raw: _level12
- kind: Comma
  span:
    start: 138
    end: 139
  raw: ","
- kind: String
  span:
    start: 140
    end: 148
  raw: _level
- kind: Comma
  span:
    start: 148
    end: 149
  raw: ","
- kind: String
  span:
    start: 150
    end: 155
  raw: abc
- kind: Comma
  span:
    start: 155
    end: 156
  raw: ","
- kind: String
  span:
    start: 157
    end: 170
  raw: "print:#bmax"
- kind: Comma
  span:
    start: 170
    end: 171
  raw: ","
- kind: String
  span:
    start: 172
    end: 187
  raw: "print:#bframe"
- kind: Comma
  span:
    start: 187
    end: 188
  raw: ","
- kind: String
  span:
    start: 189
    end: 197
  raw: "print:"
- kind: Comma
  span:
    start: 197
    end: 198
  raw: ","
- kind: String
  span:
    start: 199
    end: 206
  raw: _root
- kind: Comma
  span:
    start: 206
    end: 207
  raw: ","
- kind: String
  span:
    start: 208
    end: 229
  raw: "printasbitmap:#bmax"
- kind: Comma
  span:
    start: 229
    end: 230
  raw: ","
- kind: String
  span:
    start: 231
    end: 254
  raw: "printasbitmap:#bframe"
- kind: Comma
  span:
    start: 254
    end: 255
  raw: ","
- kind: String
  span:
    start: 256
    end: 272
  raw: "printasbitmap:"
- kind: Comma
  span:
    start: 272
    end: 273
  raw: ","
- kind: String
  span:
    start: 274
    end: 285
  raw: _level123
- kind: Comma
  span:
    start: 285
    end: 286
  raw: ","
- kind: String
  span:
    start: 287
    end: 296
  raw: message
- kind: Comma
  span:
    start: 296
    end: 297
  raw: ","
- kind: String
  span:
    start: 298
    end: 300
  raw: ""
- kind: Newline
  span:
    start: 300
    end: 301
  raw: "\n"
- kind:
    ActionName: Push
  span:
    start: 301
    end: 305
  raw: Push
- kind: Integer
  span:
    start: 306
    end: 309
  raw: "123"
- kind: Newline
  span:
    start: 309
    end: 310
  raw: "\n"
- kind:
    ActionName: Call
  span:
    start: 310
    end: 314
  raw: Call
- kind: Newline
  span:
    start: 314
    end: 315
  raw: "\n"
- kind:
    ActionName: Push
  span:
    start: 315
    end: 319
  raw: Push
- kind:
    Constant: 0
  span:
    start: 320
    end: 329
  raw: constant0
- kind: Newline
  span:
    start: 329
    end: 330
  raw: "\n"
- kind:
    ActionName: GetVariable
  span:
    start: 330
    end: 341
  raw: GetVariable
- kind: Newline
  span:
    start: 341
    end: 342
  raw: "\n"
- kind:
    ActionName: AsciiToChar
  span:
    start: 342
    end: 353
  raw: AsciiToChar
- kind: Newline
  span:
    start: 353
    end: 354
  raw: "\n"
- kind:
    ActionName: Pop
  span:
    start: 354
    end: 357
  raw: Pop
- kind: Newline
  span:
    start: 357
    end: 358
  raw: "\n"
- kind:
    ActionName: Push
  span:
    start: 358
    end: 362
  raw: Push
- kind:
    Constant: 0
  span:
    start: 363
    end: 372
  raw: constant0
- kind: Newline
  span:
    start: 372
    end: 373
  raw: "\n"
- kind:
    ActionName: GetVariable
  span:
    start: 373
    end: 384
  raw: GetVariable
- kind: Newline
  span:
    start: 384
    end: 385
  raw: "\n"
- kind:
    ActionName: GetVariable
  span:
    start: 385
    end: 396
  raw: GetVariable
- kind: Newline
  span:
    start: 396
    end: 397
  raw: "\n"
- kind:
    ActionName: Pop
  span:
    start: 397
    end: 400
  raw: Pop
- kind: Newline
  span:
    start: 400
    end: 401
  raw: "\n"
- kind:
    ActionName: Push
  span:
    start: 401
    end: 405
  raw: Push
- kind:
    Constant: 0
  span:
    start: 406
    end: 415
  raw: constant0
- kind: Newline
  span:
    start: 415
    end: 416
  raw: "\n"
- kind:
    ActionName: GetVariable
  span:
    start: 416
    end: 427
  raw: GetVariable
- kind: Newline
  span:
    start: 427
    end: 428
  raw: "\n"
- kind:
    ActionName: Pop
  span:
    start: 428
    end: 431
  raw: Pop
- kind: Newline
  span:
    start: 431
    end: 432
  raw: "\n"
- kind:
    ActionName: Push
  span:
    start: 432
    end: 436
  raw: Push
- kind:
    Constant: 1
  span:
    start: 437
    end: 446
  raw: constant1
- kind: Newline
  span:
    start: 446
    end: 447
  raw: "\n"
- kind:
    ActionName: GetVariable
  span:
    start: 447
    end: 458
  raw: GetVariable
- kind: Newline
  span:
    start: 458
    end: 459
  raw: "\n"
- kind:
    ActionName: Push
  span:
    start: 459
    end: 463
  raw: Push
- kind:
    Constant: 2
  span:
    start: 464
    end: 473
  raw: constant2
- kind: Newline
  span:
    start: 473
    end: 474
  raw: "\n"
- kind:
    ActionName: Push
  span:
    start: 474
    end: 478
  raw: Push
- kind: Integer
  span:
    start: 479
    end: 484
  raw: "16384"
- kind: Newline
  span:
    start: 484
    end: 485
  raw: "\n"
- kind:
    ActionName: Push
  span:
    start: 485
    end: 489
  raw: Push
- kind: Integer
  span:
    start: 490
    end: 491
  raw: "0"
- kind: Newline
  span:
    start: 491
    end: 492
  raw: "\n"
- kind:
    ActionName: Push
  span:
    start: 492
    end: 496
  raw: Push
- kind:
    Constant: 3
  span:
    start: 497
    end: 506
  raw: constant3
- kind: Newline
  span:
    start: 506
    end: 507
  raw: "\n"
- kind:
    ActionName: GetVariable
  span:
    start: 507
    end: 518
  raw: GetVariable
- kind: Newline
  span:
    start: 518
    end: 519
  raw: "\n"
- kind:
    ActionName: Push
  span:
    start: 519
    end: 523
  raw: Push
- kind:
    Constant: 4
  span:
    start: 524
    end: 533
  raw: constant4
- kind: Newline
  span:
    start: 533
    end: 534
  raw: "\n"
- kind:
    ActionName: CallMethod
  span:
    start: 534
    end: 544
  raw: CallMethod
- kind: Newline
  span:
    start: 544
    end: 545
  raw: "\n"
- kind:
    ActionName: Add2
  span:
    start: 545
    end: 549
  raw: Add2
- kind: Newline
  span:
    start: 549
    end: 550
  raw: "\n"
- kind:
    ActionName: CloneSprite
  span:
    start: 550
    end: 561
  raw: CloneSprite
- kind: Newline
  span:
    start: 561
    end: 562
  raw: "\n"
- kind:
    ActionName: GetTime
  span:
    start: 562
    end: 569
  raw: GetTime
- kind: Newline
  span:
    start: 569
    end: 570
  raw: "\n"
- kind:
    ActionName: Pop
  span:
    start: 570
    end: 573
  raw: Pop
- kind: Newline
  span:
    start: 573
    end: 574
  raw: "\n"
- kind:
    ActionName: GetUrl
  span:
    start: 574
    end: 580
  raw: GetUrl
- kind: String
  span:
    start: 581
    end: 599
  raw: "http://ruffle.rs"
- kind: Comma
  span:
    start: 599
    end: 600
  raw: ","
- kind: String
  span:
    start: 601
    end: 603
  raw: ""
- kind: Newline
  span:
    start: 603
    end: 604
  raw: "\n"
- kind:
    ActionName: GetUrl
  span:
    start: 604
    end: 610
  raw: GetUrl
- kind: String
  span:
    start: 611
    end: 629
  raw: "http://ruffle.rs"
- kind: Comma
  span:
    start: 629
    end: 630
  raw: ","
- kind: String
  span:
    start: 631
    end: 639
  raw: window
- kind: Newline
  span:
    start: 639
    end: 640
  raw: "\n"
- kind:
    ActionName: Push
  span:
    start: 640
    end: 644
  raw: Push
- kind:
    Constant: 5
  span:
    start: 645
    end: 654
  raw: constant5
- kind: Newline
  span:
    start: 654
    end: 655
  raw: "\n"
- kind:
    ActionName: Push
  span:
    start: 655
    end: 659
  raw: Push
- kind:
    Constant: 6
  span:
    start: 660
    end: 669
  raw: constant6
- kind: Newline
  span:
    start: 669
    end: 670
  raw: "\n"
- kind:
    ActionName: GetUrl2
  span:
    start: 670
    end: 677
  raw: GetURL2
- kind: "False"
  span:
    start: 678
    end: 683
  raw: "false"
- kind: Comma
  span:
    start: 683
    end: 684
  raw: ","
- kind: "False"
  span:
    start: 685
    end: 690
  raw: "false"
- kind: Comma
  span:
    start: 690
    end: 691
  raw: ","
- kind: Integer
  span:
    start: 692
    end: 693
  raw: "1"
- kind: Newline
  span:
    start: 693
    end: 694
  raw: "\n"
- kind:
    ActionName: Push
  span:
    start: 694
    end: 698
  raw: Push
- kind:
    Constant: 7
  span:
    start: 699
    end: 708
  raw: constant7
- kind: Newline
  span:
    start: 708
    end: 709
  raw: "\n"
- kind:
    ActionName: GetVariable
  span:
    start: 709
    end: 720
  raw: GetVariable
- kind: Newline
  span:
    start: 720
    end: 721
  raw: "\n"
- kind:
    ActionName: Pop
  span:
    start: 721
    end: 724
  raw: Pop
- kind: Newline
  span:
    start: 724
    end: 725
  raw: "\n"
- kind:
    ActionName: GotoFrame
  span:
    start: 725
    end: 734
  raw: GotoFrame
- kind: Integer
  span:
    start: 735
    end: 738
  raw: "122"
- kind: Newline
  span:
    start: 738
    end: 739
  raw: "\n"
- kind:
    ActionName: Play
  span:
    start: 739
    end: 743
  raw: Play
- kind: Newline
  span:
    start: 743
    end: 744
  raw: "\n"
- kind:
    ActionName: GotoLabel
  span:
    start: 744
    end: 753
  raw: GoToLabel
- kind: String
  span:
    start: 754
    end: 759
  raw: "123"
- kind: Newline
  span:
    start: 759
    end: 760
  raw: "\n"
- kind:
    ActionName: Play
  span:
    start: 760
    end: 764
  raw: Play
- kind: Newline
  span:
    start: 764
    end: 765
  raw: "\n"
- kind:
    ActionName: Push
  span:
    start: 765
    end: 769
  raw: Push
- kind:
    Constant: 0
  span:
    start: 770
    end: 779
  raw: constant0
- kind: Newline
  span:
    start: 779
    end: 780
  raw: "\n"
- kind:
    ActionName: GetVariable
  span:
    start: 780
    end: 791
  raw: GetVariable
- kind: Newline
  span:
    start: 791
    end: 792
  raw: "\n"
- kind:
    ActionName: GotoFrame2
  span:
    start: 792
    end: 802
  raw: GotoFrame2
- kind: "False"
  span:
    start: 803
    end: 808
  raw: "false"
- kind: Comma
  span:
    start: 808
    end: 809
  raw: ","
- kind: "True"
  span:
    start: 810
    end: 814
  raw: "true"
- kind: Newline
  span:
    start: 814
    end: 815
  raw: "\n"
- kind:
    ActionName: GotoFrame
  span:
    start: 815
    end: 824
  raw: GotoFrame
- kind: Integer
  span:
    start: 825
    end: 828
  raw: "122"
- kind: Newline
  span:
    start: 828
    end: 829
  raw: "\n"
- kind:
    ActionName: Play
  span:
    start: 829
    end: 833
  raw: Play
- kind: Newline
  span:
    start: 833
    end: 834
  raw: "\n"
- kind:
    ActionName: GotoLabel
  span:
    start: 834
    end: 843
  raw: GoToLabel
- kind: String
  span:
    start: 844
    end: 849
  raw: "123"
- kind: Newline
  span:
    start: 849
    end: 850
  raw: "\n"
- kind:
    ActionName: Play
  span:
    start: 850
    end: 854
  raw: Play
- kind: Newline
  span:
    start: 854
    end: 855
  raw: "\n"
- kind:
    ActionName: Push
  span:
    start: 855
    end: 859
  raw: Push
- kind:
    Constant: 0
  span:
    start: 860
    end: 869
  raw: constant0
- kind: Newline
  span:
    start: 869
    end: 870
  raw: "\n"
- kind:
    ActionName: GetVariable
  span:
    start: 870
    end: 881
  raw: GetVariable
- kind: Newline
  span:
    start: 881
    end: 882
  raw: "\n"
- kind:
    ActionName: GotoFrame2
  span:
    start: 882
    end: 892
  raw: GotoFrame2
- kind: "False"
  span:
    start: 893
    end: 898
  raw: "false"
- kind: Comma
  span:
    start: 898
    end: 899
  raw: ","
- kind: "True"
  span:
    start: 900
    end: 904
  raw: "true"
- kind: Newline
  span:
    start: 904
    end: 905
  raw: "\n"
- kind:
    ActionName: Push
  span:
    start: 905
    end: 909
  raw: Push
- kind:
    Constant: 0
  span:
    start: 910
    end: 919
  raw: constant0
- kind: Newline
  span:
    start: 919
    end: 920
  raw: "\n"
- kind:
    ActionName: GetVariable
  span:
    start: 920
    end: 931
  raw: GetVariable
- kind: Newline
  span:
    start: 931
    end: 932
  raw: "\n"
- kind:
    ActionName: GotoFrame2
  span:
    start: 932
    end: 942
  raw: GotoFrame2
- kind: "False"
  span:
    start: 943
    end: 948
  raw: "false"
- kind: Comma
  span:
    start: 948
    end: 949
  raw: ","
- kind: "True"
  span:
    start: 950
    end: 954
  raw: "true"
- kind: Newline
  span:
    start: 954
    end: 955
  raw: "\n"
- kind:
    ActionName: GotoFrame
  span:
    start: 955
    end: 964
  raw: GotoFrame
- kind: Integer
  span:
    start: 965
    end: 970
  raw: "65535"
- kind: Newline
  span:
    start: 970
    end: 971
  raw: "\n"
- kind:
    ActionName: Play
  span:
    start: 971
    end: 975
  raw: Play
- kind: Newline
  span:
    start: 975
    end: 976
  raw: "\n"
- kind:
    ActionName: GotoFrame
  span:
    start: 976
    end: 985
  raw: GotoFrame
- kind: Integer
  span:
    start: 986
    end: 987
  raw: "0"
- kind: Newline
  span:
    start: 987
    end: 988
  raw: "\n"
- kind:
    ActionName: Play
  span:
    start: 988
    end: 992
  raw: Play
- kind: Newline
  span:
    start: 992
    end: 993
  raw: "\n"
- kind:
    ActionName: GotoFrame
  span:
    start: 993
    end: 1002
  raw: GotoFrame
- kind: Integer
  span:
    start: 1003
    end: 1004
  raw: "1"
- kind: Newline
  span:
    start: 1004
    end: 1005
  raw: "\n"
- kind:
    ActionName: Play
  span:
    start: 1005
    end: 1009
  raw: Play
- kind: Newline
  span:
    start: 1009
    end: 1010
  raw: "\n"
- kind:
    ActionName: GotoFrame
  span:
    start: 1010
    end: 1019
  raw: GotoFrame
- kind: Integer
  span:
    start: 1020
    end: 1021
  raw: "0"
- kind: Newline
  span:
    start: 1021
    end: 1022
  raw: "\n"
- kind:
    ActionName: Play
  span:
    start: 1022
    end: 1026
  raw: Play
- kind: Newline
  span:
    start: 1026
    end: 1027
  raw: "\n"
- kind:
    ActionName: GotoFrame
  span:
    start: 1027
    end: 1036
  raw: GotoFrame
- kind: Integer
  span:
    start: 1037
    end: 1040
  raw: "122"
- kind: Newline
  span:
    start: 1040
    end: 1041
  raw: "\n"
- kind:
    ActionName: GotoLabel
  span:
    start: 1041
    end: 1050
  raw: GoToLabel
- kind: String
  span:
    start: 1051
    end: 1056
  raw: "123"
- kind: Newline
  span:
    start: 1056
    end: 1057
  raw: "\n"
- kind:
    ActionName: Push
  span:
    start: 1057
    end: 1061
  raw: Push
- kind:
    Constant: 0
  span:
    start: 1062
    end: 1071
  raw: constant0
- kind: Newline
  span:
    start: 1071
    end: 1072
  raw: "\n"
- kind:
    ActionName: GetVariable
  span:
    start: 1072
    end: 1083
  raw: GetVariable
- kind: Newline
  span:
    start: 1083
    end: 1084
  raw: "\n"
- kind:
    ActionName: GotoFrame2
  span:
    start: 1084
    end: 1094
  raw: GotoFrame2
- kind: "False"
  span:
    start: 1095
    end: 1100
  raw: "false"
- kind: Comma
  span:
    start: 1100
    end: 1101
  raw: ","
- kind: "False"
  span:
    start: 1102
    end: 1107
  raw: "false"
- kind: Newline
  span:
    start: 1107
    end: 1108
  raw: "\n"
- kind:
    ActionName: GotoFrame
  span:
    start: 1108
    end: 1117
  raw: GotoFrame
- kind: Integer
  span:
    start: 1118
    end: 1121
  raw: "122"
- kind: Newline
  span:
    start: 1121
    end: 1122
  raw: "\n"
- kind:
    ActionName: GotoLabel
  span:
    start: 1122
    end: 1131
  raw: GoToLabel
- kind: String
  span:
    start: 1132
    end: 1137
  raw: "123"
- kind: Newline
  span:
    start: 1137
    end: 1138
  raw: "\n"
- kind:
    ActionName: Push
  span:
    start: 1138
    end: 1142
  raw: Push
- kind:
    Constant: 0
  span:
    start: 1143
    end: 1152
  raw: constant0
- kind: Newline
  span:
    start: 1152
    end: 1153
  raw: "\n"
- kind:
    ActionName: GetVariable
  span:
    start: 1153
    end: 1164
  raw: GetVariable
- kind: Newline
  span:
    start: 1164
    end: 1165
  raw: "\n"
- kind:
    ActionName: GotoFrame2
  span:
    start: 1165
    end: 1175
  raw: GotoFrame2
- kind: "False"
  span:
    start: 1176
    end: 1181
  raw: "false"
- kind: Comma
  span:
    start: 1181
    end: 1182
  raw: ","
- kind: "False"
  span:
    start: 1183
    end: 1188
  raw: "false"
- kind: Newline
  span:
    start: 1188
    end: 1189
  raw: "\n"
- kind:
    ActionName: Push
  span:
    start: 1189
    end: 1193
  raw: Push
- kind:
    Constant: 0
  span:
    start: 1194
    end: 1203
  raw: constant0
- kind: Newline
  span:
    start: 1203
    end: 1204
  raw: "\n"
- kind:
    ActionName: GetVariable
  span:
    start: 1204
    end: 1215
  raw: GetVariable
- kind: Newline
  span:
    start: 1215
    end: 1216
  raw: "\n"
- kind:
    ActionName: GotoFrame2
  span:
    start: 1216
    end: 1226
  raw: GotoFrame2
- kind: "False"
  span:
    start: 1227
    end: 1232
  raw: "false"
- kind: Comma
  span:
    start: 1232
    end: 1233
  raw: ","
- kind: "False"
  span:
    start: 1234
    end: 1239
  raw: "false"
- kind: Newline
  span:
    start: 1239
    end: 1240
  raw: "\n"
- kind:
    ActionName: Push
  span:
    start: 1240
    end: 1244
  raw: Push
- kind:
    Constant: 0
  span:
    start: 1245
    end: 1254
  raw: constant0
- kind: Newline
  span:
    start: 1254
    end: 1255
  raw: "\n"
- kind:
    ActionName: GetVariable
  span:
    start: 1255
    end: 1266
  raw: GetVariable
- kind: Newline
  span:
    start: 1266
    end: 1267
  raw: "\n"
- kind:
    ActionName: ToInteger
  span:
    start: 1267
    end: 1276
  raw: ToInteger
- kind: Newline
  span:
    start: 1276
    end: 1277
  raw: "\n"
- kind:
    ActionName: Pop
  span:
    start: 1277
    end: 1280
  raw: Pop
- kind: Newline
  span:
    start: 1280
    end: 1281
  raw: "\n"
- kind:
    ActionName: Push
  span:
    start: 1281
    end: 1285
  raw: Push
- kind:
    Constant: 0
  span:
    start: 1286
    end: 1295
  raw: constant0
- kind: Newline
  span:
    start: 1295
    end: 1296
  raw: "\n"
- kind:
    ActionName: GetVariable
  span:
    start: 1296
    end: 1307
  raw: GetVariable
- kind: Newline
  span:
    start: 1307
    end: 1308
  raw: "\n"
- kind:
    ActionName: StringLength
  span:
    start: 1308
    end: 1320
  raw: StringLength
- kind: Newline
  span:
    start: 1320
    end: 1321
  raw: "\n"
- kind:
    ActionName: Pop
  span:
    start: 1321
    end: 1324
  raw: Pop
- kind: Newline
  span:
    start: 1324
    end: 1325
  raw: "\n"
- kind:
    ActionName: Push
  span:
    start: 1325
    end: 1329
  raw: Push
- kind:
    Constant: 8
  span:
    start: 1330
    end: 1339
  raw: constant8
- kind: Newline
  span:
    start: 1339
    end: 1340
  raw: "\n"
- kind:
    ActionName: Push
  span:
    start: 1340
    end: 1344
  raw: Push
- kind:
    Constant: 9
  span:
    start: 1345
    end: 1354
  raw: constant9
- kind: Newline
  span:
    start: 1354
    end: 1355
  raw: "\n"
- kind:
    ActionName: GetUrl2
  span:
    start: 1355
    end: 1362
  raw: GetURL2
- kind: "False"
  span:
    start: 1363
    end: 1368
  raw: "false"
- kind: Comma
  span:
    start: 1368
    end: 1369
  raw: ","
- kind: "True"
  span:
    start: 1370
    end: 1374
  raw: "true"
- kind: Comma
  span:
    start: 1374
    end: 1375
  raw: ","
- kind: Integer
  span:
    start: 1376
    end: 1377
  raw: "0"
- kind: Newline
  span:
    start: 1377
    end: 1378
  raw: "\n"
- kind:
    ActionName: Push
  span:
    start: 1378
    end: 1382
  raw: Push
- kind:
    Constant: 8
  span:
    start: 1383
    end: 1392
  raw: constant8
- kind: Newline
  span:
    start: 1392
    end: 1393
  raw: "\n"
- kind:
    ActionName: Push
  span:
    start: 1393
    end: 1397
  raw: Push
- kind:
    Constant: 9
  span:
    start: 1398
    end: 1407
  raw: constant9
- kind: Newline
  span:
    start: 1407
    end: 1408
  raw: "\n"
- kind:
    ActionName: GetUrl2
  span:
    start: 1408
    end: 1415
  raw: GetURL2
- kind: "False"
  span:
    start: 1416
    end: 1421
  raw: "false"
- kind: Comma
  span:
    start: 1421
    end: 1422
  raw: ","
- kind: "True"
  span:
    start: 1423
    end: 1427
  raw: "true"
- kind: Comma
  span:
    start: 1427
    end: 1428
  raw: ","
- kind: Integer
  span:
    start: 1429
    end: 1430
  raw: "1"
- kind: Newline
  span:
    start: 1430
    end: 1431
  raw: "\n"
- kind:
    ActionName: GetUrl
  span:
    start: 1431
    end: 1437
  raw: GetUrl
- kind: String
  span:
    start: 1438
    end: 1443
  raw: url
- kind: Comma
  span:
    start: 1443
    end: 1444
  raw: ","
- kind: String
  span:
    start: 1445
    end: 1455
  raw: _level12
- kind: Newline
  span:
    start: 1455
    end: 1456
  raw: "\n"
- kind:
    ActionName: Push
  span:
    start: 1456
    end: 1460
  raw: Push
- kind:
    Constant: 8
  span:
    start: 1461
    end: 1470
  raw: constant8
- kind: Newline
  span:
    start: 1470
    end: 1471
  raw: "\n"
- kind:
    ActionName: Push
  span:
    start: 1471
    end: 1475
  raw: Push
- kind:
    Constant: 10
  span:
    start: 1476
    end: 1486
  raw: constant10
- kind: Newline
  span:
    start: 1486
    end: 1487
  raw: "\n"
- kind:
    ActionName: GetUrl2
  span:
    start: 1487
    end: 1494
  raw: GetURL2
- kind: "False"
  span:
    start: 1495
    end: 1500
  raw: "false"
- kind: Comma
  span:
    start: 1500
    end: 1501
  raw: ","
- kind: "False"
  span:
    start: 1502
    end: 1507
  raw: "false"
- kind: Comma
  span:
    start: 1507
    end: 1508
  raw: ","
- kind: Integer
  span:
    start: 1509
    end: 1510
  raw: "1"
- kind: Newline
  span:
    start: 1510
    end: 1511
  raw: "\n"
- kind:
    ActionName: Push
  span:
    start: 1511
    end: 1515
  raw: Push
- kind:
    Constant: 8
  span:
    start: 1516
    end: 1525
  raw: constant8
- kind: Newline
  span:
    start: 1525
    end: 1526
  raw: "\n"
- kind:
    ActionName: Push
  span:
    start: 1526
    end: 1530
  raw: Push
- kind:
    Constant: 11
  span:
    start: 1531
    end: 1541
  raw: constant11
- kind: Newline
  span:
    start: 1541
    end: 1542
  raw: "\n"
- kind:
    ActionName: Push
  span:
    start: 1542
    end: 1546
  raw: Push
- kind:
    Constant: 0
  span:
    start: 1547
    end: 1556
  raw: constant0
- kind: Newline
  span:
    start: 1556
    end: 1557
  raw: "\n"
- kind:
    ActionName: GetVariable
  span:
    start: 1557
    end: 1568
  raw: GetVariable
- kind: Newline
  span:
    start: 1568
    end: 1569
  raw: "\n"
- kind:
    ActionName: StringAdd
  span:
    start: 1569
    end: 1578
  raw: StringAdd
- kind: Newline
  span:
    start: 1578
    end: 1579
  raw: "\n"
- kind:
    ActionName: GetUrl2
  span:
    start: 1579
    end: 1586
  raw: GetURL2
- kind: "False"
  span:
    start: 1587
    end: 1592
  raw: "false"
- kind: Comma
  span:
    start: 1592
    end: 1593
  raw: ","
- kind: "False"
  span:
    start: 1594
    end: 1599
  raw: "false"
- kind: Comma
  span:
    start: 1599
    end: 1600
  raw: ","
- kind: Integer
  span:
    start: 1601
    end: 1602
  raw: "1"
- kind: Newline
  span:
    start: 1602
    end: 1603
  raw: "\n"
- kind:
    ActionName: Push
  span:
    start: 1603
    end: 1607
  raw: Push
- kind:
    Constant: 8
  span:
    start: 1608
    end: 1617
  raw: constant8
- kind: Newline
  span:
    start: 1617
    end: 1618
  raw: "\n"
- kind:
    ActionName: Push
  span:
    start: 1618
    end: 1622
  raw: Push
- kind:
    Constant: 9
  span:
    start: 1623
    end: 1632
  raw: constant9
- kind: Newline
  span:
    start: 1632
    end: 1633
  raw: "\n"
- kind:
    ActionName: GetUrl2
  span:
    start: 1633
    end: 1640
  raw: GetURL2
- kind: "True"
  span:
    start: 1641
    end: 1645
  raw: "true"
- kind: Comma
  span:
    start: 1645
    end: 1646
  raw: ","
- kind: "True"
  span:
    start: 1647
    end: 1651
  raw: "true"
- kind: Comma
  span:
    start: 1651
    end: 1652
  raw: ","
- kind: Integer
  span:
    start: 1653
    end: 1654
  raw: "0"
- kind: Newline
  span:
    start: 1654
    end: 1655
  raw: "\n"
- kind:
    ActionName: Push
  span:
    start: 1655
    end: 1659
  raw: Push
- kind:
    Constant: 8
  span:
    start: 1660
    end: 1669
  raw: constant8
- kind: Newline
  span:
    start: 1669
    end: 1670
  raw: "\n"
- kind:
    ActionName: Push
  span:
    start: 1670
    end: 1674
  raw: Push
- kind:
    Constant: 0
  span:
    start: 1675
    end: 1684
  raw: constant0
- kind: Newline
  span:
    start: 1684
    end: 1685
  raw: "\n"
- kind:
    ActionName: GetVariable
  span:
    start: 1685
    end: 1696
  raw: GetVariable
- kind: Newline
  span:
    start: 1696
    end: 1697
  raw: "\n"
- kind:
    ActionName: GetUrl2
  span:
    start: 1697
    end: 1704
  raw: GetURL2
- kind: "True"
  span:
    start: 1705
    end: 1709
  raw: "true"
- kind: Comma
  span:
    start: 1709
    end: 1710
  raw: ","
- kind: "True"
  span:
    start: 1711
    end: 1715
  raw: "true"
- kind: Comma
  span:
    start: 1715
    end: 1716
  raw: ","
- kind: Integer
  span:
    start: 1717
    end: 1718
  raw: "0"
- kind: Newline
  span:
    start: 1718
    end: 1719
  raw: "\n"
- kind:
    ActionName: Push
  span:
    start: 1719
    end: 1723
  raw: Push
- kind:
    Constant: 8
  span:
    start: 1724
    end: 1733
  raw: constant8
- kind: Newline
  span:
    start: 1733
    end: 1734
  raw: "\n"
- kind:
    ActionName: Push
  span:
    start: 1734
    end: 1738
  raw: Push
- kind:
    Constant: 9
  span:
    start: 1739
    end: 1748
  raw: constant9
- kind: Newline
  span:
    start: 1748
    end: 1749
  raw: "\n"
- kind:
    ActionName: GetUrl2
  span:
    start: 1749
    end: 1756
  raw: GetURL2
- kind: "True"
  span:
    start: 1757
    end: 1761
  raw: "true"
- kind: Comma
  span:
    start: 1761
    end: 1762
  raw: ","
- kind: "True"
  span:
    start: 1763
    end: 1767
  raw: "true"
- kind: Comma
  span:
    start: 1767
    end: 1768
  raw: ","
- kind: Integer
  span:
    start: 1769
    end: 1770
  raw: "1"
- kind: Newline
  span:
    start: 1770
    end: 1771
  raw: "\n"
- kind:
    ActionName: Push
  span:
    start: 1771
    end: 1775
  raw: Push
- kind:
    Constant: 8
  span:
    start: 1776
    end: 1785
  raw: constant8
- kind: Newline
  span:
    start: 1785
    end: 1786
  raw: "\n"
- kind:
    ActionName: Push
  span:
    start: 1786
    end: 1790
  raw: Push
- kind:
    Constant: 10
  span:
    start: 1791
    end: 1801
  raw: constant10
- kind: Newline
  span:
    start: 1801
    end: 1802
  raw: "\n"
- kind:
    ActionName: GetUrl2
  span:
    start: 1802
    end: 1809
  raw: GetURL2
- kind: "True"
  span:
    start: 1810
    end: 1814
  raw: "true"
- kind: Comma
  span:
    start: 1814
    end: 1815
  raw: ","
- kind: "False"
  span:
    start: 1816
    end: 1821
  raw: "false"
- kind: Comma
  span:
    start: 1821
    end: 1822
  raw: ","
- kind: Integer
  span:
    start: 1823
    end: 1824
  raw: "0"
- kind: Newline
  span:
    start: 1824
    end: 1825
  raw: "\n"
- kind:
    ActionName: Push
  span:
    start: 1825
    end: 1829
  raw: Push
- kind:
    Constant: 8
  span:
    start: 1830
    end: 1839
  raw: constant8
- kind: Newline
  span:
    start: 1839
    end: 1840
  raw: "\n"
- kind:
    ActionName: Push
  span:
    start: 1840
    end: 1844
  raw: Push
- kind:
    Constant: 10
  span:
    start: 1845
    end: 1855
  raw: constant10
- kind: Newline
  span:
    start: 1855
    end: 1856
  raw: "\n"
- kind:
    ActionName: GetUrl2
  span:
    start: 1856
    end: 1863
  raw: GetURL2
- kind: "True"
  span:
    start: 1864
    end: 1868
  raw: "true"
- kind: Comma
  span:
    start: 1868
    end: 1869
  raw: ","
- kind: "False"
  span:
    start: 1870
    end: 1875
  raw: "false"
- kind: Comma
  span:
    start: 1875
    end: 1876
  raw: ","
- kind: Integer
  span:
    start: 1877
    end: 1878
  raw: "1"
- kind: Newline
  span:
    start: 1878
    end: 1879
  raw: "\n"
- kind:
    ActionName: Push
  span:
    start: 1879
    end: 1883
  raw: Push
- kind:
    Constant: 8
  span:
    start: 1884
    end: 1893
  raw: constant8
- kind: Newline
  span:
    start: 1893
    end: 1894
  raw: "\n"
- kind:
    ActionName: Push
  span:
    start: 1894
    end: 1898
  raw: Push
- kind:
    Constant: 11
  span:
    start: 1899
    end: 1909
  raw: constant11
- kind: Newline
  span:
    start: 1909
    end: 1910
  raw: "\n"
- kind:
    ActionName: Push
  span:
    start: 1910
    end: 1914
  raw: Push
- kind:
    Constant: 0
  span:
    start: 1915
    end: 1924
  raw: constant0
- kind: Newline
  span:
    start: 1924
    end: 1925
  raw: "\n"
- kind:
    ActionName: GetVariable
  span:
    start: 1925
    end: 1936
  raw: GetVariable
- kind: Newline
  span:
    start: 1936
    end: 1937
  raw: "\n"
- kind:
    ActionName: StringAdd
  span:
    start: 1937
    end: 1946
  raw: StringAdd
- kind: Newline
  span:
    start: 1946
    end: 1947
  raw: "\n"
- kind:
    ActionName: GetUrl2
  span:
    start: 1947
    end: 1954
  raw: GetURL2
- kind: "True"
  span:
    start: 1955
    end: 1959
  raw: "true"
- kind: Comma
  span:
    start: 1959
    end: 1960
  raw: ","
- kind: "False"
  span:
    start: 1961
    end: 1966
  raw: "false"
- kind: Comma
  span:
    start: 1966
    end: 1967
  raw: ","
- kind: Integer
  span:
    start: 1968
    end: 1969
  raw: "1"
- kind: Newline
  span:
    start: 1969
    end: 1970
  raw: "\n"
- kind:
    ActionName: Push
  span:
    start: 1970
    end: 1974
  raw: Push
- kind:
    Constant: 0
  span:
    start: 1975
    end: 1984
  raw: constant0
- kind: Newline
  span:
    start: 1984
    end: 1985
  raw: "\n"
- kind:
    ActionName: GetVariable
  span:
    start: 1985
    end: 1996
  raw: GetVariable
- kind: Newline
  span:
    start: 1996
    end: 1997
  raw: "\n"
- kind:
    ActionName: MBAsciiToChar
  span:
    start: 1997
    end: 2010
  raw: MBAsciiToChar
- kind: Newline
  span:
    start: 2010
    end: 2011
  raw: "\n"
- kind:
    ActionName: Pop
  span:
    start: 2011
    end: 2014
  raw: Pop
- kind: Newline
  span:
    start: 2014
    end: 2015
  raw: "\n"
- kind:
    ActionName: Push
  span:
    start: 2015
    end: 2019
  raw: Push
- kind:
    Constant: 0
  span:
    start: 2020
    end: 2029
  raw: constant0
- kind: Newline
  span:
    start: 2029
    end: 2030
  raw: "\n"
- kind:
    ActionName: GetVariable
  span:
    start: 2030
    end: 2041
  raw: GetVariable
- kind: Newline
  span:
    start: 2041
    end: 2042
  raw: "\n"
- kind:
    ActionName: MBStringLength
  span:
    start: 2042
    end: 2056
  raw: MBStringLength
- kind: Newline
  span:
    start: 2056
    end: 2057
  raw: "\n"
- kind:
    ActionName: Pop
  span:
    start: 2057
    end: 2060
  raw: Pop
- kind: Newline
  span:
    start: 2060
    end: 2061
  raw: "\n"
- kind:
    ActionName: Push
  span:
    start: 2061
    end: 2065
  raw: Push
- kind:
    Constant: 0
  span:
    start: 2066
    end: 2075
  raw: constant0
- kind: Newline
  span:
    start: 2075
    end: 2076
  raw: "\n"
- kind:
    ActionName: GetVariable
  span:
    start: 2076
    end: 2087
  raw: GetVariable
- kind: Newline
  span:
    start: 2087
    end: 2088
  raw: "\n"
- kind:
    ActionName: MBCharToAscii
  span:
    start: 2088
    end: 2101
  raw: MBCharToAscii
- kind: Newline
  span:
    start: 2101
    end: 2102
  raw: "\n"
- kind:
    ActionName: Pop
  span:
    start: 2102
    end: 2105
  raw: Pop
- kind: Newline
  span:
    start: 2105
    end: 2106
  raw: "\n"
- kind:
    ActionName: Push
  span:
    start: 2106
    end: 2110
  raw: Push
- kind:
    Constant: 12
  span:
    start: 2111
    end: 2121
  raw: constant12
- kind: Newline
  span:
    start: 2121
    end: 2122
  raw: "\n"
- kind:
    ActionName: Push
  span:
    start: 2122
    end: 2126
  raw: Push
- kind: Integer
  span:
    start: 2127
    end: 2128
  raw: "1"
- kind: Newline
  span:
    start: 2128
    end: 2129
  raw: "\n"
- kind:
    ActionName: Push
  span:
    start: 2129
    end: 2133
  raw: Push
- kind: Integer
  span:
    start: 2134
    end: 2136
  raw: "-1"
- kind: Newline
  span:
    start: 2136
    end: 2137
  raw: "\n"
- kind:
    ActionName: MBStringExtract
  span:
    start: 2137
    end: 2152
  raw: MBStringExtract
- kind: Newline
  span:
    start: 2152
    end: 2153
  raw: "\n"
- kind:
    ActionName: Pop
  span:
    start: 2153
    end: 2156
  raw: Pop
- kind: Newline
  span:
    start: 2156
    end: 2157
  raw: "\n"
- kind:
    ActionName: Push
  span:
    start: 2157
    end: 2161
  raw: Push
- kind:
    Constant: 12
  span:
    start: 2162
    end: 2172
  raw: constant12
- kind: Newline
  span:
    start: 2172
    end: 2173
  raw: "\n"
- kind:
    ActionName: Push
  span:
    start: 2173
    end: 2177
  raw: Push
- kind: Integer
  span:
    start: 2178
    end: 2179
  raw: "1"
- kind: Newline
  span:
    start: 2179
    end: 2180
  raw: "\n"
- kind:
    ActionName: Push
  span:
    start: 2180
    end: 2184
  raw: Push
- kind: Integer
  span:
    start: 2185
    end: 2186
  raw: "2"
- kind: Newline
  span:
    start: 2186
    end: 2187
  raw: "\n"
- kind:
    ActionName: MBStringExtract
  span:
    start: 2187
    end: 2202
  raw: MBStringExtract
- kind: Newline
  span:
    start: 2202
    end: 2203
  raw: "\n"
- kind:
    ActionName: Pop
  span:
    start: 2203
    end: 2206
  raw: Pop
- kind: Newline
  span:
    start: 2206
    end: 2207
  raw: "\n"
- kind:
    ActionName: NextFrame
  span:
    start: 2207
    end: 2216
  raw: NextFrame
- kind: Newline
  span:
    start: 2216
    end: 2217
  raw: "\n"
- kind:
    ActionName: GotoFrame
  span:
    start: 2217
    end: 2226
  raw: GotoFrame
- kind: Integer
  span:
    start: 2227
    end: 2228
  raw: "0"
- kind: Newline
  span:
    start: 2228
    end: 2229
  raw: "\n"
- kind:
    ActionName: Push
  span:
    start: 2229
    end: 2233
  raw: Push
- kind:
    Constant: 0
  span:
    start: 2234
    end: 2243
  raw: constant0
- kind: Newline
  span:
    start: 2243
    end: 2244
  raw: "\n"
- kind:
    ActionName: GetVariable
  span:
    start: 2244
    end: 2255
  raw: GetVariable
- kind: Newline
  span:
    start: 2255
    end: 2256
  raw: "\n"
- kind:
    ActionName: ToNumber
  span:
    start: 2256
    end: 2264
  raw: ToNumber
- kind: Newline
  span:
    start: 2264
    end: 2265
  raw: "\n"
- kind:
    ActionName: Pop
  span:
    start: 2265
    end: 2268
  raw: Pop
- kind: Newline
  span:
    start: 2268
    end: 2269
  raw: "\n"
- kind:
    ActionName: Push
  span:
    start: 2269
    end: 2273
  raw: Push
- kind:
    Constant: 0
  span:
    start: 2274
    end: 2283
  raw: constant0
- kind: Newline
  span:
    start: 2283
    end: 2284
  raw: "\n"
- kind:
    ActionName: GetVariable
  span:
    start: 2284
    end: 2295
  raw: GetVariable
- kind: Newline
  span:
    start: 2295
    end: 2296
  raw: "\n"
- kind:
    ActionName: CharToAscii
  span:
    start: 2296
    end: 2307
  raw: CharToAscii
- kind: Newline
  span:
    start: 2307
    end: 2308
  raw: "\n"
- kind:
    ActionName: Pop
  span:
    start: 2308
    end: 2311
  raw: Pop
- kind: Newline
  span:
    start: 2311
    end: 2312
  raw: "\n"
- kind:
    ActionName: Play
  span:
    start: 2312
    end: 2316
  raw: Play
- kind: Newline
  span:
    start: 2316
    end: 2317
  raw: "\n"
- kind:
    ActionName: PrevFrame
  span:
    start: 2317
    end: 2326
  raw: PrevFrame
- kind: Newline
  span:
    start: 2326
    end: 2327
  raw: "\n"
- kind:
    ActionName: GotoFrame
  span:
    start: 2327
    end: 2336
  raw: GotoFrame
- kind: Integer
  span:
    start: 2337
    end: 2338
  raw: "0"
- kind: Newline
  span:
    start: 2338
    end: 2339
  raw: "\n"
- kind:
    ActionName: Push
  span:
    start: 2339
    end: 2343
  raw: Push
- kind:
    Constant: 13
  span:
    start: 2344
    end: 2354
  raw: constant13
- kind: Newline
  span:
    start: 2354
    end: 2355
  raw: "\n"
- kind:
    ActionName: Push
  span:
    start: 2355
    end: 2359
  raw: Push
- kind:
    Constant: 1
  span:
    start: 2360
    end: 2369
  raw: constant1
- kind: Newline
  span:
    start: 2369
    end: 2370
  raw: "\n"
- kind:
    ActionName: GetUrl2
  span:
    start: 2370
    end: 2377
  raw: GetURL2
- kind: "False"
  span:
    start: 2378
    end: 2383
  raw: "false"
- kind: Comma
  span:
    start: 2383
    end: 2384
  raw: ","
- kind: "False"
  span:
    start: 2385
    end: 2390
  raw: "false"
- kind: Comma
  span:
    start: 2390
    end: 2391
  raw: ","
- kind: Integer
  span:
    start: 2392
    end: 2393
  raw: "0"
- kind: Newline
  span:
    start: 2393
    end: 2394
  raw: "\n"
- kind:
    ActionName: Push
  span:
    start: 2394
    end: 2398
  raw: Push
- kind:
    Constant: 14
  span:
    start: 2399
    end: 2409
  raw: constant14
- kind: Newline
  span:
    start: 2409
    end: 2410
  raw: "\n"
- kind:
    ActionName: Push
  span:
    start: 2410
    end: 2414
  raw: Push
- kind:
    Constant: 3
  span:
    start: 2415
    end: 2424
  raw: constant3
- kind: Newline
  span:
    start: 2424
    end: 2425
  raw: "\n"
- kind:
    ActionName: GetVariable
  span:
    start: 2425
    end: 2436
  raw: GetVariable
- kind: Newline
  span:
    start: 2436
    end: 2437
  raw: "\n"
- kind:
    ActionName: GetUrl2
  span:
    start: 2437
    end: 2444
  raw: GetURL2
- kind: "False"
  span:
    start: 2445
    end: 2450
  raw: "false"
- kind: Comma
  span:
    start: 2450
    end: 2451
  raw: ","
- kind: "False"
  span:
    start: 2452
    end: 2457
  raw: "false"
- kind: Comma
  span:
    start: 2457
    end: 2458
  raw: ","
- kind: Integer
  span:
    start: 2459
    end: 2460
  raw: "0"
- kind: Newline
  span:
    start: 2460
    end: 2461
  raw: "\n"
- kind:
    ActionName: Push
  span:
    start: 2461
    end: 2465
  raw: Push
- kind:
    Constant: 15
  span:
    start: 2466
    end: 2476
  raw: constant15
- kind: Newline
  span:
    start: 2476
    end: 2477
  raw: "\n"
- kind:
    ActionName: Push
  span:
    start: 2477
    end: 2481
  raw: Push
- kind:
    Constant: 16
  span:
    start: 2482
    end: 2492
  raw: constant16
- kind: Newline
  span:
    start: 2492
    end: 2493
  raw: "\n"
- kind:
    ActionName: GetVariable
  span:
    start: 2493
    end: 2504
  raw: GetVariable
- kind: Newline
  span:
    start: 2504
    end: 2505
  raw: "\n"
- kind:
    ActionName: GetUrl2
  span:
    start: 2505
    end: 2512
  raw: GetURL2
- kind: "False"
  span:
    start: 2513
    end: 2518
  raw: "false"
- kind: Comma
  span:
    start: 2518
    end: 2519
  raw: ","
- kind: "False"
  span:
    start: 2520
    end: 2525
  raw: "false"
- kind: Comma
  span:
    start: 2525
    end: 2526
  raw: ","
- kind: Integer
  span:
    start: 2527
    end: 2528
  raw: "0"
- kind: Newline
  span:
    start: 2528
    end: 2529
  raw: "\n"
- kind:
    ActionName: Push
  span:
    start: 2529
    end: 2533
  raw: Push
- kind:
    Constant: 17
  span:
    start: 2534
    end: 2544
  raw: constant17
- kind: Newline
  span:
    start: 2544
    end: 2545
  raw: "\n"
- kind:
    ActionName: Push
  span:
    start: 2545
    end: 2549
  raw: Push
- kind:
    Constant: 1
  span:
    start: 2550
    end: 2559
  raw: constant1
- kind: Newline
  span:
    start: 2559
    end: 2560
  raw: "\n"
- kind:
    ActionName: GetUrl2
  span:
    start: 2560
    end: 2567
  raw: GetURL2
- kind: "False"
  span:
    start: 2568
    end: 2573
  raw: "false"
- kind: Comma
  span:
    start: 2573
    end: 2574
  raw: ","
- kind: "False"
  span:
    start: 2575
    end: 2580
  raw: "false"
- kind: Comma
  span:
    start: 2580
    end: 2581
  raw: ","
- kind: Integer
  span:
    start: 2582
    end: 2583
  raw: "0"
- kind: Newline
  span:
    start: 2583
    end: 2584
  raw: "\n"
- kind:
    ActionName: Push
  span:
    start: 2584
    end: 2588
  raw: Push
- kind:
    Constant: 18
  span:
    start: 2589
    end: 2599
  raw: constant18
- kind: Newline
  span:
    start: 2599
    end: 2600
  raw: "\n"
- kind:
    ActionName: Push
  span:
    start: 2600
    end: 2604
  raw: Push
- kind:
    Constant: 3
  span:
    start: 2605
    end: 2614
  raw: constant3
- kind: Newline
  span:
    start: 2614
    end: 2615
  raw: "\n"
- kind:
    ActionName: GetVariable
  span:
    start: 2615
    end: 2626
  raw: GetVariable
- kind: Newline
  span:
    start: 2626
    end: 2627
  raw: "\n"
- kind:
    ActionName: GetUrl2
  span:
    start: 2627
    end: 2634
  raw: GetURL2
- kind: "False"
  span:
    start: 2635
    end: 2640
  raw: "false"
- kind: Comma
  span:
    start: 2640
    end: 2641
  raw: ","
- kind: "False"
  span:
    start: 2642
    end: 2647
  raw: "false"
- kind: Comma
  span:
    start: 2647
    end: 2648
  raw: ","
- kind: Integer
  span:
    start: 2649
    end: 2650
  raw: "0"
- kind: Newline
  span:
    start: 2650
    end: 2651
  raw: "\n"
- kind:
    ActionName: Push
  span:
    start: 2651
    end: 2655
  raw: Push
- kind:
    Constant: 19
  span:
    start: 2656
    end: 2666
  raw: constant19
- kind: Newline
  span:
    start: 2666
    end: 2667
  raw: "\n"
- kind:
    ActionName: Push
  span:
    start: 2667
    end: 2671
  raw: Push
- kind:
    Constant: 16
  span:
    start: 2672
    end: 2682
  raw: constant16
- kind: Newline
  span:
    start: 2682
    end: 2683
  raw: "\n"
- kind:
    ActionName: GetVariable
  span:
    start: 2683
    end: 2694
  raw: GetVariable
- kind: Newline
  span:
    start: 2694
    end: 2695
  raw: "\n"
- kind:
    ActionName: GetUrl2
  span:
    start: 2695
    end: 2702
  raw: GetURL2
- kind: "False"
  span:
    start: 2703
    end: 2708
  raw: "false"
- kind: Comma
  span:
    start: 2708
    end: 2709
  raw: ","
- kind: "False"
  span:
    start: 2710
    end: 2715
  raw: "false"
- kind: Comma
  span:
    start: 2715
    end: 2716
  raw: ","
- kind: Integer
  span:
    start: 2717
    end: 2718
  raw: "0"
- kind: Newline
  span:
    start: 2718
    end: 2719
  raw: "\n"
- kind:
    ActionName: Push
  span:
    start: 2719
    end: 2723
  raw: Push
- kind:
    Constant: 17
  span:
    start: 2724
    end: 2734
  raw: constant17
- kind: Newline
  span:
    start: 2734
    end: 2735
  raw: "\n"
- kind:
    ActionName: Push
  span:
    start: 2735
    end: 2739
  raw: Push
- kind:
    Constant: 20
  span:
    start: 2740
    end: 2750
  raw: constant20
- kind: Newline
  span:
    start: 2750
    end: 2751
  raw: "\n"
- kind:
    ActionName: GetUrl2
  span:
    start: 2751
    end: 2758
  raw: GetURL2
- kind: "False"
  span:
    start: 2759
    end: 2764
  raw: "false"
- kind: Comma
  span:
    start: 2764
    end: 2765
  raw: ","
- kind: "False"
  span:
    start: 2766
    end: 2771
  raw: "false"
- kind: Comma
  span:
    start: 2771
    end: 2772
  raw: ","
- kind: Integer
  span:
    start: 2773
    end: 2774
  raw: "0"
- kind: Newline
  span:
    start: 2774
    end: 2775
  raw: "\n"
- kind:
    ActionName: Push
  span:
    start: 2775
    end: 2779
  raw: Push
- kind:
    Constant: 18
  span:
    start: 2780
    end: 2790
  raw: constant18
- kind: Newline
  span:
    start: 2790
    end: 2791
  raw: "\n"
- kind:
    ActionName: Push
  span:
    start: 2791
    end: 2795
  raw: Push
- kind:
    Constant: 11
  span:
    start: 2796
    end: 2806
  raw: constant11
- kind: Newline
  span:
    start: 2806
    end: 2807
  raw: "\n"
- kind:
    ActionName: Push
  span:
    start: 2807
    end: 2811
  raw: Push
- kind:
    Constant: 0
  span:
    start: 2812
    end: 2821
  raw: constant0
- kind: Newline
  span:
    start: 2821
    end: 2822
  raw: "\n"
- kind:
    ActionName: GetVariable
  span:
    start: 2822
    end: 2833
  raw: GetVariable
- kind: Newline
  span:
    start: 2833
    end: 2834
  raw: "\n"
- kind:
    ActionName: StringAdd
  span:
    start: 2834
    end: 2843
  raw: StringAdd
- kind: Newline
  span:
    start: 2843
    end: 2844
  raw: "\n"
- kind:
    ActionName: GetUrl2
  span:
    start: 2844
    end: 2851
  raw: GetURL2
- kind: "False"
  span:
    start: 2852
    end: 2857
  raw: "false"
- kind: Comma
  span:
    start: 2857
    end: 2858
  raw: ","
- kind: "False"
  span:
    start: 2859
    end: 2864
  raw: "false"
- kind: Comma
  span:
    start: 2864
    end: 2865
  raw: ","
- kind: Integer
  span:
    start: 2866
    end: 2867
  raw: "0"
- kind: Newline
  span:
    start: 2867
    end: 2868
  raw: "\n"
- kind:
    ActionName: Push
  span:
    start: 2868
    end: 2872
  raw: Push
- kind:
    Constant: 19
  span:
    start: 2873
    end: 2883
  raw: constant19
- kind: Newline
  span:
    start: 2883
    end: 2884
  raw: "\n"
- kind:
    ActionName: Push
  span:
    start: 2884
    end: 2888
  raw: Push
- kind:
    Constant: 11
  span:
    start: 2889
    end: 2899
  raw: constant11
- kind: Newline
  span:
    start: 2899
    end: 2900
  raw: "\n"
- kind:
    ActionName: Push
  span:
    start: 2900
    end: 2904
  raw: Push
- kind:
    Constant: 0
  span:
    start: 2905
    end: 2914
  raw: constant0
- kind: Newline
  span:
    start: 2914
    end: 2915
  raw: "\n"
- kind:
    ActionName: GetVariable
  span:
    start: 2915
    end: 2926
  raw: GetVariable
- kind: Newline
  span:
    start: 2926
    end: 2927
  raw: "\n"
- kind:
    ActionName: StringAdd
  span:
    start: 2927
    end: 2936
  raw: StringAdd
- kind: Newline
  span:
    start: 2936
    end: 2937
  raw: "\n"
- kind:
    ActionName: GetUrl2
  span:
    start: 2937
    end: 2944
  raw: GetURL2
- kind: "False"
  span:
    start: 2945
    end: 2950
  raw: "false"
- kind: Comma
  span:
    start: 2950
    end: 2951
  raw: ","
- kind: "False"
  span:
    start: 2952
    end: 2957
  raw: "false"
- kind: Comma
  span:
    start: 2957
    end: 2958
  raw: ","
- kind: Integer
  span:
    start: 2959
    end: 2960
  raw: "0"
- kind: Newline
  span:
    start: 2960
    end: 2961
  raw: "\n"
- kind:
    ActionName: Push
  span:
    start: 2961
    end: 2965
  raw: Push
- kind:
    Constant: 13
  span:
    start: 2966
    end: 2976
  raw: constant13
- kind: Newline
  span:
    start: 2976
    end: 2977
  raw: "\n"
- kind:
    ActionName: Push
  span:
    start: 2977
    end: 2981
  raw: Push
- kind:
    Constant: 20
  span:
    start: 2982
    end: 2992
  raw: constant20
- kind: Newline
  span:
    start: 2992
    end: 2993
  raw: "\n"
- kind:
    ActionName: GetUrl2
  span:
    start: 2993
    end: 3000
  raw: GetURL2
- kind: "False"
  span:
    start: 3001
    end: 3006
  raw: "false"
- kind: Comma
  span:
    start: 3006
    end: 3007
  raw: ","
- kind: "False"
  span:
    start: 3008
    end: 3013
  raw: "false"
- kind: Comma
  span:
    start: 3013
    end: 3014
  raw: ","
- kind: Integer
  span:
    start: 3015
    end: 3016
  raw: "0"
- kind: Newline
  span:
    start: 3016
    end: 3017
  raw: "\n"
- kind:
    ActionName: Push
  span:
    start: 3017
    end: 3021
  raw: Push
- kind:
    Constant: 14
  span:
    start: 3022
    end: 3032
  raw: constant14
- kind: Newline
  span:
    start: 3032
    end: 3033
  raw: "\n"
- kind:
    ActionName: Push
  span:
    start: 3033
    end: 3037
  raw: Push
- kind:
    Constant: 11
  span:
    start: 3038
    end: 3048
  raw: constant11
- kind: Newline
  span:
    start: 3048
    end: 3049
  raw: "\n"
- kind:
    ActionName: Push
  span:
    start: 3049
    end: 3053
  raw: Push
- kind:
    Constant: 0
  span:
    start: 3054
    end: 3063
  raw: constant0
- kind: Newline
  span:
    start: 3063
    end: 3064
  raw: "\n"
- kind:
    ActionName: GetVariable
  span:
    start: 3064
    end: 3075
  raw: GetVariable
- kind: Newline
  span:
    start: 3075
    end: 3076
  raw: "\n"
- kind:
    ActionName: StringAdd
  span:
    start: 3076
    end: 3085
  raw: StringAdd
- kind: Newline
  span:
    start: 3085
    end: 3086
  raw: "\n"
- kind:
    ActionName: GetUrl2
  span:
    start: 3086
    end: 3093
  raw: GetURL2
- kind: "False"
  span:
    start: 3094
    end: 3099
  raw: "false"
- kind: Comma
  span:
    start: 3099
    end: 3100
  raw: ","
- kind: "False"
  span:
    start: 3101
    end: 3106
  raw: "false"
- kind: Comma
  span:
    start: 3106
    end: 3107
  raw: ","
- kind: Integer
  span:
    start: 3108
    end: 3109
  raw: "0"
- kind: Newline
  span:
    start: 3109
    end: 3110
  raw: "\n"
- kind:
    ActionName: Push
  span:
    start: 3110
    end: 3114
  raw: Push
- kind:
    Constant: 15
  span:
    start: 3115
    end: 3125
  raw: constant15
- kind: Newline
  span:
    start: 3125
    end: 3126
  raw: "\n"
- kind:
    ActionName: Push
  span:
    start: 3126
    end: 3130
  raw: Push
- kind:
    Constant: 11
  span:
    start: 3131
    end: 3141
  raw: constant11
- kind: Newline
  span:
    start: 3141
    end: 3142
  raw: "\n"
- kind:
    ActionName: Push
  span:
    start: 3142
    end: 3146
  raw: Push
- kind:
    Constant: 0
  span:
    start: 3147
    end: 3156
  raw: constant0
- kind: Newline
  span:
    start: 3156
    end: 3157
  raw: "\n"
- kind:
    ActionName: GetVariable
  span:
    start: 3157
    end: 3168
  raw: GetVariable
- kind: Newline
  span:
    start: 3168
    end: 3169
  raw: "\n"
- kind:
    ActionName: StringAdd
  span:
    start: 3169
    end: 3178
  raw: StringAdd
- kind: Newline
  span:
    start: 3178
    end: 3179
  raw: "\n"
- kind:
    ActionName: GetUrl2
  span:
    start: 3179
    end: 3186
  raw: GetURL2
- kind: "False"
  span:
    start: 3187
    end: 3192
  raw: "false"
- kind: Comma
  span:
    start: 3192
    end: 3193
  raw: ","
- kind: "False"
  span:
    start: 3194
    end: 3199
  raw: "false"
- kind: Comma
  span:
    start: 3199
    end: 3200
  raw: ","
- kind: Integer
  span:
    start: 3201
    end: 3202
  raw: "0"
- kind: Newline
  span:
    start: 3202
    end: 3203
  raw: "\n"
- kind:
    ActionName: Push
  span:
    start: 3203
    end: 3207
  raw: Push
- kind: Integer
  span:
    start: 3208
    end: 3211
  raw: "123"
- kind: Newline
  span:
    start: 3211
    end: 3212
  raw: "\n"
- kind:
    ActionName: RandomNumber
  span:
    start: 3212
    end: 3224
  raw: RandomNumber
- kind: Newline
  span:
    start: 3224
    end: 3225
  raw: "\n"
- kind:
    ActionName: Pop
  span:
    start: 3225
    end: 3228
  raw: Pop
- kind: Newline
  span:
    start: 3228
    end: 3229
  raw: "\n"
- kind:
    ActionName: Push
  span:
    start: 3229
    end: 3233
  raw: Push
- kind:
    Constant: 0
  span:
    start: 3234
    end: 3243
  raw: constant0
- kind: Newline
  span:
    start: 3243
    end: 3244
  raw: "\n"
- kind:
    ActionName: GetVariable
  span:
    start: 3244
    end: 3255
  raw: GetVariable
- kind: Newline
  span:
    start: 3255
    end: 3256
  raw: "\n"
- kind:
    ActionName: RemoveSprite
  span:
    start: 3256
    end: 3268
  raw: RemoveSprite
- kind: Newline
  span:
    start: 3268
    end: 3269
  raw: "\n"
- kind:
    ActionName: Push
  span:
    start: 3269
    end: 3273
  raw: Push
- kind: Integer
  span:
    start: 3274
    end: 3275
  raw: "0"
- kind: Newline
  span:
    start: 3275
    end: 3276
  raw: "\n"
- kind:
    ActionName: Push
  span:
    start: 3276
    end: 3280
  raw: Push
- kind: Integer
  span:
    start: 3281
    end: 3282
  raw: "0"
- kind: Newline
  span:
    start: 3282
    end: 3283
  raw: "\n"
- kind:
    ActionName: Push
  span:
    start: 3283
    end: 3287
  raw: Push
- kind:
    Constant: 0
  span:
    start: 3288
    end: 3297
  raw: constant0
- kind: Newline
  span:
    start: 3297
    end: 3298
  raw: "\n"
- kind:
    ActionName: GetVariable
  span:
    start: 3298
    end: 3309
  raw: GetVariable
- kind: Newline
  span:
    start: 3309
    end: 3310
  raw: "\n"
- kind:
    ActionName: StartDrag
  span:
    start: 3310
    end: 3319
  raw: StartDrag
- kind: Newline
  span:
    start: 3319
    end: 3320
  raw: "\n"
- kind:
    ActionName: Push
  span:
    start: 3320
    end: 3324
  raw: Push
- kind: Integer
  span:
    start: 3325
    end: 3326
  raw: "0"
- kind: Newline
  span:
    start: 3326
    end: 3327
  raw: "\n"
- kind:
    ActionName: Push
  span:
    start: 3327
    end: 3331
  raw: Push
- kind: Integer
  span:
    start: 3332
    end: 3333
  raw: "1"
- kind: Newline
  span:
    start: 3333
    end: 3334
  raw: "\n"
- kind:
    ActionName: Push
  span:
    start: 3334
    end: 3338
  raw: Push
- kind:
    Constant: 0
  span:
    start: 3339
    end: 3348
  raw: constant0
- kind: Newline
  span:
    start: 3348
    end: 3349
  raw: "\n"
- kind:
    ActionName: GetVariable
  span:
    start: 3349
    end: 3360
  raw: GetVariable
- kind: Newline
  span:
    start: 3360
    end: 3361
  raw: "\n"
- kind:
    ActionName: StartDrag
  span:
    start: 3361
    end: 3370
  raw: StartDrag
- kind: Newline
  span:
    start: 3370
    end: 3371
  raw: "\n"
- kind:
    ActionName: Push
  span:
    start: 3371
    end: 3375
  raw: Push
- kind: Integer
  span:
    start: 3376
    end: 3377
  raw: "0"
- kind: Newline
  span:
    start: 3377
    end: 3378
  raw: "\n"
- kind:
    ActionName: Push
  span:
    start: 3378
    end: 3382
  raw: Push
- kind: Integer
  span:
    start: 3383
    end: 3384
  raw: "0"
- kind: Newline
  span:
    start: 3384
    end: 3385
  raw: "\n"
- kind:
    ActionName: Push
  span:
    start: 3385
    end: 3389
  raw: Push
- kind:
    Constant: 0
  span:
    start: 3390
    end: 3399
  raw: constant0
- kind: Newline
  span:
    start: 3399
    end: 3400
  raw: "\n"
- kind:
    ActionName: GetVariable
  span:
    start: 3400
    end: 3411
  raw: GetVariable
- kind: Newline
  span:
    start: 3411
    end: 3412
  raw: "\n"
- kind:
    ActionName: StartDrag
  span:
    start: 3412
    end: 3421
  raw: StartDrag
- kind: Newline
  span:
    start: 3421
    end: 3422
  raw: "\n"
- kind:
    ActionName: Push
  span:
    start: 3422
    end: 3426
  raw: Push
- kind: Integer
  span:
    start: 3427
    end: 3428
  raw: "1"
- kind: Newline
  span:
    start: 3428
    end: 3429
  raw: "\n"
- kind:
    ActionName: Push
  span:
    start: 3429
    end: 3433
  raw: Push
- kind: Integer
  span:
    start: 3434
    end: 3435
  raw: "2"
- kind: Newline
  span:
    start: 3435
    end: 3436
  raw: "\n"
- kind:
    ActionName: Push
  span:
    start: 3436
    end: 3440
  raw: Push
- kind: Integer
  span:
    start: 3441
    end: 3442
  raw: "3"
- kind: Newline
  span:
    start: 3442
    end: 3443
  raw: "\n"
- kind:
    ActionName: Push
  span:
    start: 3443
    end: 3447
  raw: Push
- kind: Integer
  span:
    start: 3448
    end: 3449
  raw: "4"
- kind: Newline
  span:
    start: 3449
    end: 3450
  raw: "\n"
- kind:
    ActionName: Push
  span:
    start: 3450
    end: 3454
  raw: Push
- kind: Integer
  span:
    start: 3455
    end: 3456
  raw: "1"
- kind: Newline
  span:
    start: 3456
    end: 3457
  raw: "\n"
- kind:
    ActionName: Push
  span:
    start: 3457
    end: 3461
  raw: Push
- kind: Integer
  span:
    start: 3462
    end: 3463
  raw: "1"
- kind: Newline
  span:
    start: 3463
    end: 3464
  raw: "\n"
- kind:
    ActionName: Push
  span:
    start: 3464
    end: 3468
  raw: Push
- kind:
    Constant: 0
  span:
    start: 3469
    end: 3478
  raw: constant0
- kind: Newline
  span:
    start: 3478
    end: 3479
  raw: "\n"
- kind:
    ActionName: GetVariable
  span:
    start: 3479
    end: 3490
  raw: GetVariable
- kind: Newline
  span:
    start: 3490
    end: 3491
  raw: "\n"
- kind:
    ActionName: StartDrag
  span:
    start: 3491
    end: 3500
  raw: StartDrag
- kind: Newline
  span:
    start: 3500
    end: 3501
  raw: "\n"
- kind:
    ActionName: Stop
  span:
    start: 3501
    end: 3505
  raw: Stop
- kind: Newline
  span:
    start: 3505
    end: 3506
  raw: "\n"
- kind:
    ActionName: StopSounds
  span:
    start: 3506
    end: 3516
  raw: StopSounds
- kind: Newline
  span:
    start: 3516
    end: 3517
  raw: "\n"
- kind:
    ActionName: EndDrag
  span:
    start: 3517
    end: 3524
  raw: EndDrag
- kind: Newline
  span:
    start: 3524
    end: 3525
  raw: "\n"
- kind:
    ActionName: Push
  span:
    start: 3525
    end: 3529
  raw: Push
- kind:
    Constant: 0
  span:
    start: 3530
    end: 3539
  raw: constant0
- kind: Newline
  span:
    start: 3539
    end: 3540
  raw: "\n"
- kind:
    ActionName: GetVariable
  span:
    start: 3540
    end: 3551
  raw: GetVariable
- kind: Newline
  span:
    start: 3551
    end: 3552
  raw: "\n"
- kind:
    ActionName: ToString
  span:
    start: 3552
    end: 3560
  raw: ToString
- kind: Newline
  span:
    start: 3560
    end: 3561
  raw: "\n"
- kind:
    ActionName: Pop
  span:
    start: 3561
    end: 3564
  raw: Pop
- kind: Newline
  span:
    start: 3564
    end: 3565
  raw: "\n"
- kind:
    ActionName: Push
  span:
    start: 3565
    end: 3569
  raw: Push
- kind:
    Constant: 0
  span:
    start: 3570
    end: 3579
  raw: constant0
- kind: Newline
  span:
    start: 3579
    end: 3580
  raw: "\n"
- kind:
    ActionName: GetVariable
  span:
    start: 3580
    end: 3591
  raw: GetVariable
- kind: Newline
  span:
    start: 3591
    end: 3592
  raw: "\n"
- kind:
    ActionName: Push
  span:
    start: 3592
    end: 3596
  raw: Push
- kind: Integer
  span:
    start: 3597
    end: 3598
  raw: "1"
- kind: Newline
  span:
    start: 3598
    end: 3599
  raw: "\n"
- kind:
    ActionName: Push
  span:
    start: 3599
    end: 3603
  raw: Push
- kind: Integer
  span:
    start: 3604
    end: 3606
  raw: "-1"
- kind: Newline
  span:
    start: 3606
    end: 3607
  raw: "\n"
- kind:
    ActionName: StringExtract
  span:
    start: 3607
    end: 3620
  raw: StringExtract
- kind: Newline
  span:
    start: 3620
    end: 3621
  raw: "\n"
- kind:
    ActionName: Pop
  span:
    start: 3621
    end: 3624
  raw: Pop
- kind: Newline
  span:
    start: 3624
    end: 3625
  raw: "\n"
- kind:
    ActionName: Push
  span:
    start: 3625
    end: 3629
  raw: Push
- kind:
    Constant: 0
  span:
    start: 3630
    end: 3639
  raw: constant0
- kind: Newline
  span:
    start: 3639
    end: 3640
  raw: "\n"
- kind:
    ActionName: GetVariable
  span:
    start: 3640
    end: 3651
  raw: GetVariable
- kind: Newline
  span:
    start: 3651
    end: 3652
  raw: "\n"
- kind:
    ActionName: Push
  span:
    start: 3652
    end: 3656
  raw: Push
- kind: Integer
  span:
    start: 3657
    end: 3658
  raw: "1"
- kind: Newline
  span:
    start: 3658
    end: 3659
  raw: "\n"
- kind:
    ActionName: Push
  span:
    start: 3659
    end: 3663
  raw: Push
- kind: Integer
  span:
    start: 3664
    end: 3665
  raw: "2"
- kind: Newline
  span:
    start: 3665
    end: 3666
  raw: "\n"
- kind:
    ActionName: StringExtract
  span:
    start: 3666
    end: 3679
  raw: StringExtract
- kind: Newline
  span:
    start: 3679
    end: 3680
  raw: "\n"
- kind:
    ActionName: Pop
  span:
    start: 3680
    end: 3683
  raw: Pop
- kind: Newline
  span:
    start: 3683
    end: 3684
  raw: "\n"
- kind:
    ActionName: Push
  span:
    start: 3684
    end: 3688
  raw: Push
- kind:
    Constant: 0
  span:
    start: 3689
    end: 3698
  raw: constant0
- kind: Newline
  span:
    start: 3698
    end: 3699
  raw: "\n"
- kind:
    ActionName: GetVariable
  span:
    start: 3699
    end: 3710
  raw: GetVariable
- kind: Newline
  span:
    start: 3710
    end: 3711
  raw: "\n"
- kind:
    ActionName: TargetPath
  span:
    start: 3711
    end: 3721
  raw: TargetPath
- kind: Newline
  span:
    start: 3721
    end: 3722
  raw: "\n"
- kind:
    ActionName: Pop
  span:
    start: 3722
    end: 3725
  raw: Pop
- kind: Newline
  span:
    start: 3725
    end: 3726
  raw: "\n"
- kind:
    ActionName: ToggleQuality
  span:
    start: 3726
    end: 3739
  raw: ToggleQuality
- kind: Newline
  span:
    start: 3739
    end: 3740
  raw: "\n"
- kind:
    ActionName: Push
  span:
    start: 3740
    end: 3744
  raw: Push
- kind:
    Constant: 21
  span:
    start: 3745
    end: 3755
  raw: constant21
- kind: Newline
  span:
    start: 3755
    end: 3756
  raw: "\n"
- kind:
    ActionName: Trace
  span:
    start: 3756
    end: 3761
  raw: Trace
- kind: Newline
  span:
    start: 3761
    end: 3762
  raw: "\n"
- kind:
    ActionName: Push
  span:
    start: 3762
    end: 3766
  raw: Push
- kind:
    Constant: 22
  span:
    start: 3767
    end: 3777
  raw: constant22
- kind: Newline
  span:
    start: 3777
    end: 3778
  raw: "\n"
- kind:
    ActionName: Push
  span:
    start: 3778
    end: 3782
  raw: Push
- kind:
    Constant: 0
  span:
    start: 3783
    end: 3792
  raw: constant0
- kind: Newline
  span:
    start: 3792
    end: 3793
  raw: "\n"
- kind:
    ActionName: GetVariable
  span:
    start: 3793
    end: 3804
  raw: GetVariable
- kind: Newline
  span:
    start: 3804
    end: 3805
  raw: "\n"
- kind:
    ActionName: GetUrl2
  span:
    start: 3805
    end: 3812
  raw: GetURL2
- kind: "False"
  span:
    start: 3813
    end: 3818
  raw: "false"
- kind: Comma
  span:
    start: 3818
    end: 3819
  raw: ","
- kind: "True"
  span:
    start: 3820
    end: 3824
  raw: "true"
- kind: Comma
  span:
    start: 3824
    end: 3825
  raw: ","
- kind: Integer
  span:
    start: 3826
    end: 3827
  raw: "0"
- kind: Newline
  span:
    start: 3827
    end: 3828
  raw: "\n"
- kind:
    ActionName: Push
  span:
    start: 3828
    end: 3832
  raw: Push
- kind:
    Constant: 22
  span:
    start: 3833
    end: 3843
  raw: constant22
- kind: Newline
  span:
    start: 3843
    end: 3844
  raw: "\n"
- kind:
    ActionName: Push
  span:
    start: 3844
    end: 3848
  raw: Push
- kind:
    Constant: 11
  span:
    start: 3849
    end: 3859
  raw: constant11
- kind: Newline
  span:
    start: 3859
    end: 3860
  raw: "\n"
- kind:
    ActionName: Push
  span:
    start: 3860
    end: 3864
  raw: Push
- kind:
    Constant: 0
  span:
    start: 3865
    end: 3874
  raw: constant0
- kind: Newline
  span:
    start: 3874
    end: 3875
  raw: "\n"
- kind:
    ActionName: GetVariable
  span:
    start: 3875
    end: 3886
  raw: GetVariable
- kind: Newline
  span:
    start: 3886
    end: 3887
  raw: "\n"
- kind:
    ActionName: StringAdd
  span:
    start: 3887
    end: 3896
  raw: StringAdd
- kind: Newline
  span:
    start: 3896
    end: 3897
  raw: "\n"
- kind:
    ActionName: GetUrl2
  span:
    start: 3897
    end: 3904
  raw: GetURL2
- kind: "False"
  span:
    start: 3905
    end: 3910
  raw: "false"
- kind: Comma
  span:
    start: 3910
    end: 3911
  raw: ","
- kind: "False"
  span:
    start: 3912
    end: 3917
  raw: "false"
- kind: Comma
  span:
    start: 3917
    end: 3918
  raw: ","
- kind: Integer
  span:
    start: 3919
    end: 3920
  raw: "0"
- kind: Newline
  span:
    start: 3920
    end: 3921
  raw: "\n"
- kind:
    ActionName: GetUrl
  span:
    start: 3921
    end: 3927
  raw: GetUrl
- kind: String
  span:
    start: 3928
    end: 3930
  raw: ""
- kind: Comma
  span:
    start: 3930
    end: 3931
  raw: ","
- kind: String
  span:
    start: 3932
    end: 3943
  raw: _level123
- kind: Newline
  span:
    start: 3943
    end: 3944
  raw: "\n"
