---
source: crates/as2_pcode/src/lexer/tests.rs
expression: tokens
input_file: samples/as2_pcode/special_functions.pcode
---
- kind:
    ActionName: ConstantPool
  span:
    start: 0
    end: 12
  raw: ConstantPool
- kind: String
  span:
    start: 13
    end: 16
  raw: x
- kind: Comma
  span:
    start: 16
    end: 17
  raw: ","
- kind: String
  span:
    start: 18
    end: 36
  raw: "http://ruffle.rs"
- kind: Comma
  span:
    start: 36
    end: 37
  raw: ","
- kind: String
  span:
    start: 38
    end: 46
  raw: window
- kind: Comma
  span:
    start: 46
    end: 47
  raw: ","
- kind: String
  span:
    start: 48
    end: 60
  raw: "/:$version"
- kind: Comma
  span:
    start: 60
    end: 61
  raw: ","
- kind: String
  span:
    start: 62
    end: 67
  raw: url
- kind: Comma
  span:
    start: 67
    end: 68
  raw: ","
- kind: String
  span:
    start: 69
    end: 77
  raw: target
- kind: Comma
  span:
    start: 77
    end: 78
  raw: ","
- kind: String
  span:
    start: 79
    end: 89
  raw: _level12
- kind: Comma
  span:
    start: 89
    end: 90
  raw: ","
- kind: String
  span:
    start: 91
    end: 99
  raw: _level
- kind: Comma
  span:
    start: 99
    end: 100
  raw: ","
- kind: String
  span:
    start: 101
    end: 106
  raw: abc
- kind: Comma
  span:
    start: 106
    end: 107
  raw: ","
- kind: String
  span:
    start: 108
    end: 121
  raw: "print:#bmax"
- kind: Comma
  span:
    start: 121
    end: 122
  raw: ","
- kind: String
  span:
    start: 123
    end: 128
  raw: foo
- kind: Comma
  span:
    start: 128
    end: 129
  raw: ","
- kind: String
  span:
    start: 130
    end: 145
  raw: "print:#bframe"
- kind: Comma
  span:
    start: 145
    end: 146
  raw: ","
- kind: String
  span:
    start: 147
    end: 153
  raw: this
- kind: Comma
  span:
    start: 153
    end: 154
  raw: ","
- kind: String
  span:
    start: 155
    end: 163
  raw: "print:"
- kind: Comma
  span:
    start: 163
    end: 164
  raw: ","
- kind: String
  span:
    start: 165
    end: 172
  raw: _root
- kind: Comma
  span:
    start: 172
    end: 173
  raw: ","
- kind: String
  span:
    start: 174
    end: 195
  raw: "printasbitmap:#bmax"
- kind: Comma
  span:
    start: 195
    end: 196
  raw: ","
- kind: String
  span:
    start: 197
    end: 220
  raw: "printasbitmap:#bframe"
- kind: Comma
  span:
    start: 220
    end: 221
  raw: ","
- kind: String
  span:
    start: 222
    end: 238
  raw: "printasbitmap:"
- kind: Comma
  span:
    start: 238
    end: 239
  raw: ","
- kind: String
  span:
    start: 240
    end: 251
  raw: _level123
- kind: Comma
  span:
    start: 251
    end: 252
  raw: ","
- kind: String
  span:
    start: 253
    end: 262
  raw: message
- kind: Newline
  span:
    start: 262
    end: 263
  raw: "\n"
- kind:
    ActionName: Push
  span:
    start: 263
    end: 267
  raw: Push
- kind: Integer
  span:
    start: 268
    end: 271
  raw: "123"
- kind: Newline
  span:
    start: 271
    end: 272
  raw: "\n"
- kind:
    ActionName: Call
  span:
    start: 272
    end: 276
  raw: Call
- kind: Newline
  span:
    start: 276
    end: 277
  raw: "\n"
- kind:
    ActionName: Push
  span:
    start: 277
    end: 281
  raw: Push
- kind:
    Constant: 0
  span:
    start: 282
    end: 291
  raw: constant0
- kind: Newline
  span:
    start: 291
    end: 292
  raw: "\n"
- kind:
    ActionName: GetVariable
  span:
    start: 292
    end: 303
  raw: GetVariable
- kind: Newline
  span:
    start: 303
    end: 304
  raw: "\n"
- kind:
    ActionName: AsciiToChar
  span:
    start: 304
    end: 315
  raw: AsciiToChar
- kind: Newline
  span:
    start: 315
    end: 316
  raw: "\n"
- kind:
    ActionName: Pop
  span:
    start: 316
    end: 319
  raw: Pop
- kind: Newline
  span:
    start: 319
    end: 320
  raw: "\n"
- kind:
    ActionName: GetTime
  span:
    start: 320
    end: 327
  raw: GetTime
- kind: Newline
  span:
    start: 327
    end: 328
  raw: "\n"
- kind:
    ActionName: Pop
  span:
    start: 328
    end: 331
  raw: Pop
- kind: Newline
  span:
    start: 331
    end: 332
  raw: "\n"
- kind:
    ActionName: GetUrl
  span:
    start: 332
    end: 338
  raw: GetUrl
- kind: String
  span:
    start: 339
    end: 357
  raw: "http://ruffle.rs"
- kind: Comma
  span:
    start: 357
    end: 358
  raw: ","
- kind: String
  span:
    start: 359
    end: 361
  raw: ""
- kind: Newline
  span:
    start: 361
    end: 362
  raw: "\n"
- kind:
    ActionName: GetUrl
  span:
    start: 362
    end: 368
  raw: GetUrl
- kind: String
  span:
    start: 369
    end: 387
  raw: "http://ruffle.rs"
- kind: Comma
  span:
    start: 387
    end: 388
  raw: ","
- kind: String
  span:
    start: 389
    end: 397
  raw: window
- kind: Newline
  span:
    start: 397
    end: 398
  raw: "\n"
- kind:
    ActionName: Push
  span:
    start: 398
    end: 402
  raw: Push
- kind:
    Constant: 1
  span:
    start: 403
    end: 412
  raw: constant1
- kind: Newline
  span:
    start: 412
    end: 413
  raw: "\n"
- kind:
    ActionName: Push
  span:
    start: 413
    end: 417
  raw: Push
- kind:
    Constant: 2
  span:
    start: 418
    end: 427
  raw: constant2
- kind: Newline
  span:
    start: 427
    end: 428
  raw: "\n"
- kind:
    ActionName: GetUrl2
  span:
    start: 428
    end: 435
  raw: GetURL2
- kind: "False"
  span:
    start: 436
    end: 441
  raw: "false"
- kind: Comma
  span:
    start: 441
    end: 442
  raw: ","
- kind: "False"
  span:
    start: 443
    end: 448
  raw: "false"
- kind: Comma
  span:
    start: 448
    end: 449
  raw: ","
- kind: Integer
  span:
    start: 450
    end: 451
  raw: "1"
- kind: Newline
  span:
    start: 451
    end: 452
  raw: "\n"
- kind:
    ActionName: Push
  span:
    start: 452
    end: 456
  raw: Push
- kind:
    Constant: 3
  span:
    start: 457
    end: 466
  raw: constant3
- kind: Newline
  span:
    start: 466
    end: 467
  raw: "\n"
- kind:
    ActionName: GetVariable
  span:
    start: 467
    end: 478
  raw: GetVariable
- kind: Newline
  span:
    start: 478
    end: 479
  raw: "\n"
- kind:
    ActionName: Pop
  span:
    start: 479
    end: 482
  raw: Pop
- kind: Newline
  span:
    start: 482
    end: 483
  raw: "\n"
- kind:
    ActionName: GotoFrame
  span:
    start: 483
    end: 492
  raw: GotoFrame
- kind: Integer
  span:
    start: 493
    end: 496
  raw: "122"
- kind: Newline
  span:
    start: 496
    end: 497
  raw: "\n"
- kind:
    ActionName: Play
  span:
    start: 497
    end: 501
  raw: Play
- kind: Newline
  span:
    start: 501
    end: 502
  raw: "\n"
- kind:
    ActionName: GotoLabel
  span:
    start: 502
    end: 511
  raw: GoToLabel
- kind: String
  span:
    start: 512
    end: 517
  raw: "123"
- kind: Newline
  span:
    start: 517
    end: 518
  raw: "\n"
- kind:
    ActionName: Play
  span:
    start: 518
    end: 522
  raw: Play
- kind: Newline
  span:
    start: 522
    end: 523
  raw: "\n"
- kind:
    ActionName: Push
  span:
    start: 523
    end: 527
  raw: Push
- kind:
    Constant: 0
  span:
    start: 528
    end: 537
  raw: constant0
- kind: Newline
  span:
    start: 537
    end: 538
  raw: "\n"
- kind:
    ActionName: GetVariable
  span:
    start: 538
    end: 549
  raw: GetVariable
- kind: Newline
  span:
    start: 549
    end: 550
  raw: "\n"
- kind:
    ActionName: GotoFrame2
  span:
    start: 550
    end: 560
  raw: GotoFrame2
- kind: "False"
  span:
    start: 561
    end: 566
  raw: "false"
- kind: Comma
  span:
    start: 566
    end: 567
  raw: ","
- kind: "True"
  span:
    start: 568
    end: 572
  raw: "true"
- kind: Newline
  span:
    start: 572
    end: 573
  raw: "\n"
- kind:
    ActionName: GotoFrame
  span:
    start: 573
    end: 582
  raw: GotoFrame
- kind: Integer
  span:
    start: 583
    end: 586
  raw: "122"
- kind: Newline
  span:
    start: 586
    end: 587
  raw: "\n"
- kind:
    ActionName: Play
  span:
    start: 587
    end: 591
  raw: Play
- kind: Newline
  span:
    start: 591
    end: 592
  raw: "\n"
- kind:
    ActionName: GotoLabel
  span:
    start: 592
    end: 601
  raw: GoToLabel
- kind: String
  span:
    start: 602
    end: 607
  raw: "123"
- kind: Newline
  span:
    start: 607
    end: 608
  raw: "\n"
- kind:
    ActionName: Play
  span:
    start: 608
    end: 612
  raw: Play
- kind: Newline
  span:
    start: 612
    end: 613
  raw: "\n"
- kind:
    ActionName: Push
  span:
    start: 613
    end: 617
  raw: Push
- kind:
    Constant: 0
  span:
    start: 618
    end: 627
  raw: constant0
- kind: Newline
  span:
    start: 627
    end: 628
  raw: "\n"
- kind:
    ActionName: GetVariable
  span:
    start: 628
    end: 639
  raw: GetVariable
- kind: Newline
  span:
    start: 639
    end: 640
  raw: "\n"
- kind:
    ActionName: GotoFrame2
  span:
    start: 640
    end: 650
  raw: GotoFrame2
- kind: "False"
  span:
    start: 651
    end: 656
  raw: "false"
- kind: Comma
  span:
    start: 656
    end: 657
  raw: ","
- kind: "True"
  span:
    start: 658
    end: 662
  raw: "true"
- kind: Newline
  span:
    start: 662
    end: 663
  raw: "\n"
- kind:
    ActionName: Push
  span:
    start: 663
    end: 667
  raw: Push
- kind:
    Constant: 0
  span:
    start: 668
    end: 677
  raw: constant0
- kind: Newline
  span:
    start: 677
    end: 678
  raw: "\n"
- kind:
    ActionName: GetVariable
  span:
    start: 678
    end: 689
  raw: GetVariable
- kind: Newline
  span:
    start: 689
    end: 690
  raw: "\n"
- kind:
    ActionName: GotoFrame2
  span:
    start: 690
    end: 700
  raw: GotoFrame2
- kind: "False"
  span:
    start: 701
    end: 706
  raw: "false"
- kind: Comma
  span:
    start: 706
    end: 707
  raw: ","
- kind: "True"
  span:
    start: 708
    end: 712
  raw: "true"
- kind: Newline
  span:
    start: 712
    end: 713
  raw: "\n"
- kind:
    ActionName: GotoFrame
  span:
    start: 713
    end: 722
  raw: GotoFrame
- kind: Integer
  span:
    start: 723
    end: 728
  raw: "65535"
- kind: Newline
  span:
    start: 728
    end: 729
  raw: "\n"
- kind:
    ActionName: Play
  span:
    start: 729
    end: 733
  raw: Play
- kind: Newline
  span:
    start: 733
    end: 734
  raw: "\n"
- kind:
    ActionName: GotoFrame
  span:
    start: 734
    end: 743
  raw: GotoFrame
- kind: Integer
  span:
    start: 744
    end: 745
  raw: "0"
- kind: Newline
  span:
    start: 745
    end: 746
  raw: "\n"
- kind:
    ActionName: Play
  span:
    start: 746
    end: 750
  raw: Play
- kind: Newline
  span:
    start: 750
    end: 751
  raw: "\n"
- kind:
    ActionName: GotoFrame
  span:
    start: 751
    end: 760
  raw: GotoFrame
- kind: Integer
  span:
    start: 761
    end: 762
  raw: "1"
- kind: Newline
  span:
    start: 762
    end: 763
  raw: "\n"
- kind:
    ActionName: Play
  span:
    start: 763
    end: 767
  raw: Play
- kind: Newline
  span:
    start: 767
    end: 768
  raw: "\n"
- kind:
    ActionName: GotoFrame
  span:
    start: 768
    end: 777
  raw: GotoFrame
- kind: Integer
  span:
    start: 778
    end: 779
  raw: "0"
- kind: Newline
  span:
    start: 779
    end: 780
  raw: "\n"
- kind:
    ActionName: Play
  span:
    start: 780
    end: 784
  raw: Play
- kind: Newline
  span:
    start: 784
    end: 785
  raw: "\n"
- kind:
    ActionName: GotoFrame
  span:
    start: 785
    end: 794
  raw: GotoFrame
- kind: Integer
  span:
    start: 795
    end: 798
  raw: "122"
- kind: Newline
  span:
    start: 798
    end: 799
  raw: "\n"
- kind:
    ActionName: GotoLabel
  span:
    start: 799
    end: 808
  raw: GoToLabel
- kind: String
  span:
    start: 809
    end: 814
  raw: "123"
- kind: Newline
  span:
    start: 814
    end: 815
  raw: "\n"
- kind:
    ActionName: Push
  span:
    start: 815
    end: 819
  raw: Push
- kind:
    Constant: 0
  span:
    start: 820
    end: 829
  raw: constant0
- kind: Newline
  span:
    start: 829
    end: 830
  raw: "\n"
- kind:
    ActionName: GetVariable
  span:
    start: 830
    end: 841
  raw: GetVariable
- kind: Newline
  span:
    start: 841
    end: 842
  raw: "\n"
- kind:
    ActionName: GotoFrame2
  span:
    start: 842
    end: 852
  raw: GotoFrame2
- kind: "False"
  span:
    start: 853
    end: 858
  raw: "false"
- kind: Comma
  span:
    start: 858
    end: 859
  raw: ","
- kind: "False"
  span:
    start: 860
    end: 865
  raw: "false"
- kind: Newline
  span:
    start: 865
    end: 866
  raw: "\n"
- kind:
    ActionName: GotoFrame
  span:
    start: 866
    end: 875
  raw: GotoFrame
- kind: Integer
  span:
    start: 876
    end: 879
  raw: "122"
- kind: Newline
  span:
    start: 879
    end: 880
  raw: "\n"
- kind:
    ActionName: GotoLabel
  span:
    start: 880
    end: 889
  raw: GoToLabel
- kind: String
  span:
    start: 890
    end: 895
  raw: "123"
- kind: Newline
  span:
    start: 895
    end: 896
  raw: "\n"
- kind:
    ActionName: Push
  span:
    start: 896
    end: 900
  raw: Push
- kind:
    Constant: 0
  span:
    start: 901
    end: 910
  raw: constant0
- kind: Newline
  span:
    start: 910
    end: 911
  raw: "\n"
- kind:
    ActionName: GetVariable
  span:
    start: 911
    end: 922
  raw: GetVariable
- kind: Newline
  span:
    start: 922
    end: 923
  raw: "\n"
- kind:
    ActionName: GotoFrame2
  span:
    start: 923
    end: 933
  raw: GotoFrame2
- kind: "False"
  span:
    start: 934
    end: 939
  raw: "false"
- kind: Comma
  span:
    start: 939
    end: 940
  raw: ","
- kind: "False"
  span:
    start: 941
    end: 946
  raw: "false"
- kind: Newline
  span:
    start: 946
    end: 947
  raw: "\n"
- kind:
    ActionName: Push
  span:
    start: 947
    end: 951
  raw: Push
- kind:
    Constant: 0
  span:
    start: 952
    end: 961
  raw: constant0
- kind: Newline
  span:
    start: 961
    end: 962
  raw: "\n"
- kind:
    ActionName: GetVariable
  span:
    start: 962
    end: 973
  raw: GetVariable
- kind: Newline
  span:
    start: 973
    end: 974
  raw: "\n"
- kind:
    ActionName: GotoFrame2
  span:
    start: 974
    end: 984
  raw: GotoFrame2
- kind: "False"
  span:
    start: 985
    end: 990
  raw: "false"
- kind: Comma
  span:
    start: 990
    end: 991
  raw: ","
- kind: "False"
  span:
    start: 992
    end: 997
  raw: "false"
- kind: Newline
  span:
    start: 997
    end: 998
  raw: "\n"
- kind:
    ActionName: Push
  span:
    start: 998
    end: 1002
  raw: Push
- kind:
    Constant: 0
  span:
    start: 1003
    end: 1012
  raw: constant0
- kind: Newline
  span:
    start: 1012
    end: 1013
  raw: "\n"
- kind:
    ActionName: GetVariable
  span:
    start: 1013
    end: 1024
  raw: GetVariable
- kind: Newline
  span:
    start: 1024
    end: 1025
  raw: "\n"
- kind:
    ActionName: ToInteger
  span:
    start: 1025
    end: 1034
  raw: ToInteger
- kind: Newline
  span:
    start: 1034
    end: 1035
  raw: "\n"
- kind:
    ActionName: Pop
  span:
    start: 1035
    end: 1038
  raw: Pop
- kind: Newline
  span:
    start: 1038
    end: 1039
  raw: "\n"
- kind:
    ActionName: Push
  span:
    start: 1039
    end: 1043
  raw: Push
- kind:
    Constant: 0
  span:
    start: 1044
    end: 1053
  raw: constant0
- kind: Newline
  span:
    start: 1053
    end: 1054
  raw: "\n"
- kind:
    ActionName: GetVariable
  span:
    start: 1054
    end: 1065
  raw: GetVariable
- kind: Newline
  span:
    start: 1065
    end: 1066
  raw: "\n"
- kind:
    ActionName: StringLength
  span:
    start: 1066
    end: 1078
  raw: StringLength
- kind: Newline
  span:
    start: 1078
    end: 1079
  raw: "\n"
- kind:
    ActionName: Pop
  span:
    start: 1079
    end: 1082
  raw: Pop
- kind: Newline
  span:
    start: 1082
    end: 1083
  raw: "\n"
- kind:
    ActionName: Push
  span:
    start: 1083
    end: 1087
  raw: Push
- kind:
    Constant: 4
  span:
    start: 1088
    end: 1097
  raw: constant4
- kind: Newline
  span:
    start: 1097
    end: 1098
  raw: "\n"
- kind:
    ActionName: Push
  span:
    start: 1098
    end: 1102
  raw: Push
- kind:
    Constant: 5
  span:
    start: 1103
    end: 1112
  raw: constant5
- kind: Newline
  span:
    start: 1112
    end: 1113
  raw: "\n"
- kind:
    ActionName: GetUrl2
  span:
    start: 1113
    end: 1120
  raw: GetURL2
- kind: "False"
  span:
    start: 1121
    end: 1126
  raw: "false"
- kind: Comma
  span:
    start: 1126
    end: 1127
  raw: ","
- kind: "True"
  span:
    start: 1128
    end: 1132
  raw: "true"
- kind: Comma
  span:
    start: 1132
    end: 1133
  raw: ","
- kind: Integer
  span:
    start: 1134
    end: 1135
  raw: "0"
- kind: Newline
  span:
    start: 1135
    end: 1136
  raw: "\n"
- kind:
    ActionName: Push
  span:
    start: 1136
    end: 1140
  raw: Push
- kind:
    Constant: 4
  span:
    start: 1141
    end: 1150
  raw: constant4
- kind: Newline
  span:
    start: 1150
    end: 1151
  raw: "\n"
- kind:
    ActionName: Push
  span:
    start: 1151
    end: 1155
  raw: Push
- kind:
    Constant: 5
  span:
    start: 1156
    end: 1165
  raw: constant5
- kind: Newline
  span:
    start: 1165
    end: 1166
  raw: "\n"
- kind:
    ActionName: GetUrl2
  span:
    start: 1166
    end: 1173
  raw: GetURL2
- kind: "False"
  span:
    start: 1174
    end: 1179
  raw: "false"
- kind: Comma
  span:
    start: 1179
    end: 1180
  raw: ","
- kind: "True"
  span:
    start: 1181
    end: 1185
  raw: "true"
- kind: Comma
  span:
    start: 1185
    end: 1186
  raw: ","
- kind: Integer
  span:
    start: 1187
    end: 1188
  raw: "1"
- kind: Newline
  span:
    start: 1188
    end: 1189
  raw: "\n"
- kind:
    ActionName: GetUrl
  span:
    start: 1189
    end: 1195
  raw: GetUrl
- kind: String
  span:
    start: 1196
    end: 1201
  raw: url
- kind: Comma
  span:
    start: 1201
    end: 1202
  raw: ","
- kind: String
  span:
    start: 1203
    end: 1213
  raw: _level12
- kind: Newline
  span:
    start: 1213
    end: 1214
  raw: "\n"
- kind:
    ActionName: Push
  span:
    start: 1214
    end: 1218
  raw: Push
- kind:
    Constant: 4
  span:
    start: 1219
    end: 1228
  raw: constant4
- kind: Newline
  span:
    start: 1228
    end: 1229
  raw: "\n"
- kind:
    ActionName: Push
  span:
    start: 1229
    end: 1233
  raw: Push
- kind:
    Constant: 6
  span:
    start: 1234
    end: 1243
  raw: constant6
- kind: Newline
  span:
    start: 1243
    end: 1244
  raw: "\n"
- kind:
    ActionName: GetUrl2
  span:
    start: 1244
    end: 1251
  raw: GetURL2
- kind: "False"
  span:
    start: 1252
    end: 1257
  raw: "false"
- kind: Comma
  span:
    start: 1257
    end: 1258
  raw: ","
- kind: "False"
  span:
    start: 1259
    end: 1264
  raw: "false"
- kind: Comma
  span:
    start: 1264
    end: 1265
  raw: ","
- kind: Integer
  span:
    start: 1266
    end: 1267
  raw: "1"
- kind: Newline
  span:
    start: 1267
    end: 1268
  raw: "\n"
- kind:
    ActionName: Push
  span:
    start: 1268
    end: 1272
  raw: Push
- kind:
    Constant: 4
  span:
    start: 1273
    end: 1282
  raw: constant4
- kind: Newline
  span:
    start: 1282
    end: 1283
  raw: "\n"
- kind:
    ActionName: Push
  span:
    start: 1283
    end: 1287
  raw: Push
- kind:
    Constant: 7
  span:
    start: 1288
    end: 1297
  raw: constant7
- kind: Newline
  span:
    start: 1297
    end: 1298
  raw: "\n"
- kind:
    ActionName: Push
  span:
    start: 1298
    end: 1302
  raw: Push
- kind:
    Constant: 0
  span:
    start: 1303
    end: 1312
  raw: constant0
- kind: Newline
  span:
    start: 1312
    end: 1313
  raw: "\n"
- kind:
    ActionName: GetVariable
  span:
    start: 1313
    end: 1324
  raw: GetVariable
- kind: Newline
  span:
    start: 1324
    end: 1325
  raw: "\n"
- kind:
    ActionName: StringAdd
  span:
    start: 1325
    end: 1334
  raw: StringAdd
- kind: Newline
  span:
    start: 1334
    end: 1335
  raw: "\n"
- kind:
    ActionName: GetUrl2
  span:
    start: 1335
    end: 1342
  raw: GetURL2
- kind: "False"
  span:
    start: 1343
    end: 1348
  raw: "false"
- kind: Comma
  span:
    start: 1348
    end: 1349
  raw: ","
- kind: "False"
  span:
    start: 1350
    end: 1355
  raw: "false"
- kind: Comma
  span:
    start: 1355
    end: 1356
  raw: ","
- kind: Integer
  span:
    start: 1357
    end: 1358
  raw: "1"
- kind: Newline
  span:
    start: 1358
    end: 1359
  raw: "\n"
- kind:
    ActionName: Push
  span:
    start: 1359
    end: 1363
  raw: Push
- kind:
    Constant: 4
  span:
    start: 1364
    end: 1373
  raw: constant4
- kind: Newline
  span:
    start: 1373
    end: 1374
  raw: "\n"
- kind:
    ActionName: Push
  span:
    start: 1374
    end: 1378
  raw: Push
- kind:
    Constant: 5
  span:
    start: 1379
    end: 1388
  raw: constant5
- kind: Newline
  span:
    start: 1388
    end: 1389
  raw: "\n"
- kind:
    ActionName: GetUrl2
  span:
    start: 1389
    end: 1396
  raw: GetURL2
- kind: "True"
  span:
    start: 1397
    end: 1401
  raw: "true"
- kind: Comma
  span:
    start: 1401
    end: 1402
  raw: ","
- kind: "True"
  span:
    start: 1403
    end: 1407
  raw: "true"
- kind: Comma
  span:
    start: 1407
    end: 1408
  raw: ","
- kind: Integer
  span:
    start: 1409
    end: 1410
  raw: "0"
- kind: Newline
  span:
    start: 1410
    end: 1411
  raw: "\n"
- kind:
    ActionName: Push
  span:
    start: 1411
    end: 1415
  raw: Push
- kind:
    Constant: 4
  span:
    start: 1416
    end: 1425
  raw: constant4
- kind: Newline
  span:
    start: 1425
    end: 1426
  raw: "\n"
- kind:
    ActionName: Push
  span:
    start: 1426
    end: 1430
  raw: Push
- kind:
    Constant: 0
  span:
    start: 1431
    end: 1440
  raw: constant0
- kind: Newline
  span:
    start: 1440
    end: 1441
  raw: "\n"
- kind:
    ActionName: GetVariable
  span:
    start: 1441
    end: 1452
  raw: GetVariable
- kind: Newline
  span:
    start: 1452
    end: 1453
  raw: "\n"
- kind:
    ActionName: GetUrl2
  span:
    start: 1453
    end: 1460
  raw: GetURL2
- kind: "True"
  span:
    start: 1461
    end: 1465
  raw: "true"
- kind: Comma
  span:
    start: 1465
    end: 1466
  raw: ","
- kind: "True"
  span:
    start: 1467
    end: 1471
  raw: "true"
- kind: Comma
  span:
    start: 1471
    end: 1472
  raw: ","
- kind: Integer
  span:
    start: 1473
    end: 1474
  raw: "0"
- kind: Newline
  span:
    start: 1474
    end: 1475
  raw: "\n"
- kind:
    ActionName: Push
  span:
    start: 1475
    end: 1479
  raw: Push
- kind:
    Constant: 4
  span:
    start: 1480
    end: 1489
  raw: constant4
- kind: Newline
  span:
    start: 1489
    end: 1490
  raw: "\n"
- kind:
    ActionName: Push
  span:
    start: 1490
    end: 1494
  raw: Push
- kind:
    Constant: 5
  span:
    start: 1495
    end: 1504
  raw: constant5
- kind: Newline
  span:
    start: 1504
    end: 1505
  raw: "\n"
- kind:
    ActionName: GetUrl2
  span:
    start: 1505
    end: 1512
  raw: GetURL2
- kind: "True"
  span:
    start: 1513
    end: 1517
  raw: "true"
- kind: Comma
  span:
    start: 1517
    end: 1518
  raw: ","
- kind: "True"
  span:
    start: 1519
    end: 1523
  raw: "true"
- kind: Comma
  span:
    start: 1523
    end: 1524
  raw: ","
- kind: Integer
  span:
    start: 1525
    end: 1526
  raw: "1"
- kind: Newline
  span:
    start: 1526
    end: 1527
  raw: "\n"
- kind:
    ActionName: Push
  span:
    start: 1527
    end: 1531
  raw: Push
- kind:
    Constant: 4
  span:
    start: 1532
    end: 1541
  raw: constant4
- kind: Newline
  span:
    start: 1541
    end: 1542
  raw: "\n"
- kind:
    ActionName: Push
  span:
    start: 1542
    end: 1546
  raw: Push
- kind:
    Constant: 6
  span:
    start: 1547
    end: 1556
  raw: constant6
- kind: Newline
  span:
    start: 1556
    end: 1557
  raw: "\n"
- kind:
    ActionName: GetUrl2
  span:
    start: 1557
    end: 1564
  raw: GetURL2
- kind: "True"
  span:
    start: 1565
    end: 1569
  raw: "true"
- kind: Comma
  span:
    start: 1569
    end: 1570
  raw: ","
- kind: "False"
  span:
    start: 1571
    end: 1576
  raw: "false"
- kind: Comma
  span:
    start: 1576
    end: 1577
  raw: ","
- kind: Integer
  span:
    start: 1578
    end: 1579
  raw: "0"
- kind: Newline
  span:
    start: 1579
    end: 1580
  raw: "\n"
- kind:
    ActionName: Push
  span:
    start: 1580
    end: 1584
  raw: Push
- kind:
    Constant: 4
  span:
    start: 1585
    end: 1594
  raw: constant4
- kind: Newline
  span:
    start: 1594
    end: 1595
  raw: "\n"
- kind:
    ActionName: Push
  span:
    start: 1595
    end: 1599
  raw: Push
- kind:
    Constant: 6
  span:
    start: 1600
    end: 1609
  raw: constant6
- kind: Newline
  span:
    start: 1609
    end: 1610
  raw: "\n"
- kind:
    ActionName: GetUrl2
  span:
    start: 1610
    end: 1617
  raw: GetURL2
- kind: "True"
  span:
    start: 1618
    end: 1622
  raw: "true"
- kind: Comma
  span:
    start: 1622
    end: 1623
  raw: ","
- kind: "False"
  span:
    start: 1624
    end: 1629
  raw: "false"
- kind: Comma
  span:
    start: 1629
    end: 1630
  raw: ","
- kind: Integer
  span:
    start: 1631
    end: 1632
  raw: "1"
- kind: Newline
  span:
    start: 1632
    end: 1633
  raw: "\n"
- kind:
    ActionName: Push
  span:
    start: 1633
    end: 1637
  raw: Push
- kind:
    Constant: 4
  span:
    start: 1638
    end: 1647
  raw: constant4
- kind: Newline
  span:
    start: 1647
    end: 1648
  raw: "\n"
- kind:
    ActionName: Push
  span:
    start: 1648
    end: 1652
  raw: Push
- kind:
    Constant: 7
  span:
    start: 1653
    end: 1662
  raw: constant7
- kind: Newline
  span:
    start: 1662
    end: 1663
  raw: "\n"
- kind:
    ActionName: Push
  span:
    start: 1663
    end: 1667
  raw: Push
- kind:
    Constant: 0
  span:
    start: 1668
    end: 1677
  raw: constant0
- kind: Newline
  span:
    start: 1677
    end: 1678
  raw: "\n"
- kind:
    ActionName: GetVariable
  span:
    start: 1678
    end: 1689
  raw: GetVariable
- kind: Newline
  span:
    start: 1689
    end: 1690
  raw: "\n"
- kind:
    ActionName: StringAdd
  span:
    start: 1690
    end: 1699
  raw: StringAdd
- kind: Newline
  span:
    start: 1699
    end: 1700
  raw: "\n"
- kind:
    ActionName: GetUrl2
  span:
    start: 1700
    end: 1707
  raw: GetURL2
- kind: "True"
  span:
    start: 1708
    end: 1712
  raw: "true"
- kind: Comma
  span:
    start: 1712
    end: 1713
  raw: ","
- kind: "False"
  span:
    start: 1714
    end: 1719
  raw: "false"
- kind: Comma
  span:
    start: 1719
    end: 1720
  raw: ","
- kind: Integer
  span:
    start: 1721
    end: 1722
  raw: "1"
- kind: Newline
  span:
    start: 1722
    end: 1723
  raw: "\n"
- kind:
    ActionName: Push
  span:
    start: 1723
    end: 1727
  raw: Push
- kind:
    Constant: 0
  span:
    start: 1728
    end: 1737
  raw: constant0
- kind: Newline
  span:
    start: 1737
    end: 1738
  raw: "\n"
- kind:
    ActionName: GetVariable
  span:
    start: 1738
    end: 1749
  raw: GetVariable
- kind: Newline
  span:
    start: 1749
    end: 1750
  raw: "\n"
- kind:
    ActionName: MBAsciiToChar
  span:
    start: 1750
    end: 1763
  raw: MBAsciiToChar
- kind: Newline
  span:
    start: 1763
    end: 1764
  raw: "\n"
- kind:
    ActionName: Pop
  span:
    start: 1764
    end: 1767
  raw: Pop
- kind: Newline
  span:
    start: 1767
    end: 1768
  raw: "\n"
- kind:
    ActionName: Push
  span:
    start: 1768
    end: 1772
  raw: Push
- kind:
    Constant: 0
  span:
    start: 1773
    end: 1782
  raw: constant0
- kind: Newline
  span:
    start: 1782
    end: 1783
  raw: "\n"
- kind:
    ActionName: GetVariable
  span:
    start: 1783
    end: 1794
  raw: GetVariable
- kind: Newline
  span:
    start: 1794
    end: 1795
  raw: "\n"
- kind:
    ActionName: MBStringLength
  span:
    start: 1795
    end: 1809
  raw: MBStringLength
- kind: Newline
  span:
    start: 1809
    end: 1810
  raw: "\n"
- kind:
    ActionName: Pop
  span:
    start: 1810
    end: 1813
  raw: Pop
- kind: Newline
  span:
    start: 1813
    end: 1814
  raw: "\n"
- kind:
    ActionName: Push
  span:
    start: 1814
    end: 1818
  raw: Push
- kind:
    Constant: 0
  span:
    start: 1819
    end: 1828
  raw: constant0
- kind: Newline
  span:
    start: 1828
    end: 1829
  raw: "\n"
- kind:
    ActionName: GetVariable
  span:
    start: 1829
    end: 1840
  raw: GetVariable
- kind: Newline
  span:
    start: 1840
    end: 1841
  raw: "\n"
- kind:
    ActionName: MBCharToAscii
  span:
    start: 1841
    end: 1854
  raw: MBCharToAscii
- kind: Newline
  span:
    start: 1854
    end: 1855
  raw: "\n"
- kind:
    ActionName: Pop
  span:
    start: 1855
    end: 1858
  raw: Pop
- kind: Newline
  span:
    start: 1858
    end: 1859
  raw: "\n"
- kind:
    ActionName: Push
  span:
    start: 1859
    end: 1863
  raw: Push
- kind:
    Constant: 8
  span:
    start: 1864
    end: 1873
  raw: constant8
- kind: Newline
  span:
    start: 1873
    end: 1874
  raw: "\n"
- kind:
    ActionName: Push
  span:
    start: 1874
    end: 1878
  raw: Push
- kind: Integer
  span:
    start: 1879
    end: 1880
  raw: "1"
- kind: Newline
  span:
    start: 1880
    end: 1881
  raw: "\n"
- kind:
    ActionName: Push
  span:
    start: 1881
    end: 1885
  raw: Push
- kind: Integer
  span:
    start: 1886
    end: 1888
  raw: "-1"
- kind: Newline
  span:
    start: 1888
    end: 1889
  raw: "\n"
- kind:
    ActionName: MBStringExtract
  span:
    start: 1889
    end: 1904
  raw: MBStringExtract
- kind: Newline
  span:
    start: 1904
    end: 1905
  raw: "\n"
- kind:
    ActionName: Pop
  span:
    start: 1905
    end: 1908
  raw: Pop
- kind: Newline
  span:
    start: 1908
    end: 1909
  raw: "\n"
- kind:
    ActionName: Push
  span:
    start: 1909
    end: 1913
  raw: Push
- kind:
    Constant: 8
  span:
    start: 1914
    end: 1923
  raw: constant8
- kind: Newline
  span:
    start: 1923
    end: 1924
  raw: "\n"
- kind:
    ActionName: Push
  span:
    start: 1924
    end: 1928
  raw: Push
- kind: Integer
  span:
    start: 1929
    end: 1930
  raw: "1"
- kind: Newline
  span:
    start: 1930
    end: 1931
  raw: "\n"
- kind:
    ActionName: Push
  span:
    start: 1931
    end: 1935
  raw: Push
- kind: Integer
  span:
    start: 1936
    end: 1937
  raw: "2"
- kind: Newline
  span:
    start: 1937
    end: 1938
  raw: "\n"
- kind:
    ActionName: MBStringExtract
  span:
    start: 1938
    end: 1953
  raw: MBStringExtract
- kind: Newline
  span:
    start: 1953
    end: 1954
  raw: "\n"
- kind:
    ActionName: Pop
  span:
    start: 1954
    end: 1957
  raw: Pop
- kind: Newline
  span:
    start: 1957
    end: 1958
  raw: "\n"
- kind:
    ActionName: NextFrame
  span:
    start: 1958
    end: 1967
  raw: NextFrame
- kind: Newline
  span:
    start: 1967
    end: 1968
  raw: "\n"
- kind:
    ActionName: GotoFrame
  span:
    start: 1968
    end: 1977
  raw: GotoFrame
- kind: Integer
  span:
    start: 1978
    end: 1979
  raw: "0"
- kind: Newline
  span:
    start: 1979
    end: 1980
  raw: "\n"
- kind:
    ActionName: Push
  span:
    start: 1980
    end: 1984
  raw: Push
- kind:
    Constant: 0
  span:
    start: 1985
    end: 1994
  raw: constant0
- kind: Newline
  span:
    start: 1994
    end: 1995
  raw: "\n"
- kind:
    ActionName: GetVariable
  span:
    start: 1995
    end: 2006
  raw: GetVariable
- kind: Newline
  span:
    start: 2006
    end: 2007
  raw: "\n"
- kind:
    ActionName: ToNumber
  span:
    start: 2007
    end: 2015
  raw: ToNumber
- kind: Newline
  span:
    start: 2015
    end: 2016
  raw: "\n"
- kind:
    ActionName: Pop
  span:
    start: 2016
    end: 2019
  raw: Pop
- kind: Newline
  span:
    start: 2019
    end: 2020
  raw: "\n"
- kind:
    ActionName: Push
  span:
    start: 2020
    end: 2024
  raw: Push
- kind:
    Constant: 0
  span:
    start: 2025
    end: 2034
  raw: constant0
- kind: Newline
  span:
    start: 2034
    end: 2035
  raw: "\n"
- kind:
    ActionName: GetVariable
  span:
    start: 2035
    end: 2046
  raw: GetVariable
- kind: Newline
  span:
    start: 2046
    end: 2047
  raw: "\n"
- kind:
    ActionName: CharToAscii
  span:
    start: 2047
    end: 2058
  raw: CharToAscii
- kind: Newline
  span:
    start: 2058
    end: 2059
  raw: "\n"
- kind:
    ActionName: Pop
  span:
    start: 2059
    end: 2062
  raw: Pop
- kind: Newline
  span:
    start: 2062
    end: 2063
  raw: "\n"
- kind:
    ActionName: Play
  span:
    start: 2063
    end: 2067
  raw: Play
- kind: Newline
  span:
    start: 2067
    end: 2068
  raw: "\n"
- kind:
    ActionName: PrevFrame
  span:
    start: 2068
    end: 2077
  raw: PrevFrame
- kind: Newline
  span:
    start: 2077
    end: 2078
  raw: "\n"
- kind:
    ActionName: GotoFrame
  span:
    start: 2078
    end: 2087
  raw: GotoFrame
- kind: Integer
  span:
    start: 2088
    end: 2089
  raw: "0"
- kind: Newline
  span:
    start: 2089
    end: 2090
  raw: "\n"
- kind:
    ActionName: Push
  span:
    start: 2090
    end: 2094
  raw: Push
- kind:
    Constant: 9
  span:
    start: 2095
    end: 2104
  raw: constant9
- kind: Newline
  span:
    start: 2104
    end: 2105
  raw: "\n"
- kind:
    ActionName: Push
  span:
    start: 2105
    end: 2109
  raw: Push
- kind:
    Constant: 10
  span:
    start: 2110
    end: 2120
  raw: constant10
- kind: Newline
  span:
    start: 2120
    end: 2121
  raw: "\n"
- kind:
    ActionName: GetUrl2
  span:
    start: 2121
    end: 2128
  raw: GetURL2
- kind: "False"
  span:
    start: 2129
    end: 2134
  raw: "false"
- kind: Comma
  span:
    start: 2134
    end: 2135
  raw: ","
- kind: "False"
  span:
    start: 2136
    end: 2141
  raw: "false"
- kind: Comma
  span:
    start: 2141
    end: 2142
  raw: ","
- kind: Integer
  span:
    start: 2143
    end: 2144
  raw: "0"
- kind: Newline
  span:
    start: 2144
    end: 2145
  raw: "\n"
- kind:
    ActionName: Push
  span:
    start: 2145
    end: 2149
  raw: Push
- kind:
    Constant: 11
  span:
    start: 2150
    end: 2160
  raw: constant11
- kind: Newline
  span:
    start: 2160
    end: 2161
  raw: "\n"
- kind:
    ActionName: Push
  span:
    start: 2161
    end: 2165
  raw: Push
- kind:
    Constant: 12
  span:
    start: 2166
    end: 2176
  raw: constant12
- kind: Newline
  span:
    start: 2176
    end: 2177
  raw: "\n"
- kind:
    ActionName: GetVariable
  span:
    start: 2177
    end: 2188
  raw: GetVariable
- kind: Newline
  span:
    start: 2188
    end: 2189
  raw: "\n"
- kind:
    ActionName: GetUrl2
  span:
    start: 2189
    end: 2196
  raw: GetURL2
- kind: "False"
  span:
    start: 2197
    end: 2202
  raw: "false"
- kind: Comma
  span:
    start: 2202
    end: 2203
  raw: ","
- kind: "False"
  span:
    start: 2204
    end: 2209
  raw: "false"
- kind: Comma
  span:
    start: 2209
    end: 2210
  raw: ","
- kind: Integer
  span:
    start: 2211
    end: 2212
  raw: "0"
- kind: Newline
  span:
    start: 2212
    end: 2213
  raw: "\n"
- kind:
    ActionName: Push
  span:
    start: 2213
    end: 2217
  raw: Push
- kind:
    Constant: 13
  span:
    start: 2218
    end: 2228
  raw: constant13
- kind: Newline
  span:
    start: 2228
    end: 2229
  raw: "\n"
- kind:
    ActionName: Push
  span:
    start: 2229
    end: 2233
  raw: Push
- kind:
    Constant: 14
  span:
    start: 2234
    end: 2244
  raw: constant14
- kind: Newline
  span:
    start: 2244
    end: 2245
  raw: "\n"
- kind:
    ActionName: GetVariable
  span:
    start: 2245
    end: 2256
  raw: GetVariable
- kind: Newline
  span:
    start: 2256
    end: 2257
  raw: "\n"
- kind:
    ActionName: GetUrl2
  span:
    start: 2257
    end: 2264
  raw: GetURL2
- kind: "False"
  span:
    start: 2265
    end: 2270
  raw: "false"
- kind: Comma
  span:
    start: 2270
    end: 2271
  raw: ","
- kind: "False"
  span:
    start: 2272
    end: 2277
  raw: "false"
- kind: Comma
  span:
    start: 2277
    end: 2278
  raw: ","
- kind: Integer
  span:
    start: 2279
    end: 2280
  raw: "0"
- kind: Newline
  span:
    start: 2280
    end: 2281
  raw: "\n"
- kind:
    ActionName: Push
  span:
    start: 2281
    end: 2285
  raw: Push
- kind:
    Constant: 15
  span:
    start: 2286
    end: 2296
  raw: constant15
- kind: Newline
  span:
    start: 2296
    end: 2297
  raw: "\n"
- kind:
    ActionName: Push
  span:
    start: 2297
    end: 2301
  raw: Push
- kind:
    Constant: 10
  span:
    start: 2302
    end: 2312
  raw: constant10
- kind: Newline
  span:
    start: 2312
    end: 2313
  raw: "\n"
- kind:
    ActionName: GetUrl2
  span:
    start: 2313
    end: 2320
  raw: GetURL2
- kind: "False"
  span:
    start: 2321
    end: 2326
  raw: "false"
- kind: Comma
  span:
    start: 2326
    end: 2327
  raw: ","
- kind: "False"
  span:
    start: 2328
    end: 2333
  raw: "false"
- kind: Comma
  span:
    start: 2333
    end: 2334
  raw: ","
- kind: Integer
  span:
    start: 2335
    end: 2336
  raw: "0"
- kind: Newline
  span:
    start: 2336
    end: 2337
  raw: "\n"
- kind:
    ActionName: Push
  span:
    start: 2337
    end: 2341
  raw: Push
- kind:
    Constant: 16
  span:
    start: 2342
    end: 2352
  raw: constant16
- kind: Newline
  span:
    start: 2352
    end: 2353
  raw: "\n"
- kind:
    ActionName: Push
  span:
    start: 2353
    end: 2357
  raw: Push
- kind:
    Constant: 12
  span:
    start: 2358
    end: 2368
  raw: constant12
- kind: Newline
  span:
    start: 2368
    end: 2369
  raw: "\n"
- kind:
    ActionName: GetVariable
  span:
    start: 2369
    end: 2380
  raw: GetVariable
- kind: Newline
  span:
    start: 2380
    end: 2381
  raw: "\n"
- kind:
    ActionName: GetUrl2
  span:
    start: 2381
    end: 2388
  raw: GetURL2
- kind: "False"
  span:
    start: 2389
    end: 2394
  raw: "false"
- kind: Comma
  span:
    start: 2394
    end: 2395
  raw: ","
- kind: "False"
  span:
    start: 2396
    end: 2401
  raw: "false"
- kind: Comma
  span:
    start: 2401
    end: 2402
  raw: ","
- kind: Integer
  span:
    start: 2403
    end: 2404
  raw: "0"
- kind: Newline
  span:
    start: 2404
    end: 2405
  raw: "\n"
- kind:
    ActionName: Push
  span:
    start: 2405
    end: 2409
  raw: Push
- kind:
    Constant: 17
  span:
    start: 2410
    end: 2420
  raw: constant17
- kind: Newline
  span:
    start: 2420
    end: 2421
  raw: "\n"
- kind:
    ActionName: Push
  span:
    start: 2421
    end: 2425
  raw: Push
- kind:
    Constant: 14
  span:
    start: 2426
    end: 2436
  raw: constant14
- kind: Newline
  span:
    start: 2436
    end: 2437
  raw: "\n"
- kind:
    ActionName: GetVariable
  span:
    start: 2437
    end: 2448
  raw: GetVariable
- kind: Newline
  span:
    start: 2448
    end: 2449
  raw: "\n"
- kind:
    ActionName: GetUrl2
  span:
    start: 2449
    end: 2456
  raw: GetURL2
- kind: "False"
  span:
    start: 2457
    end: 2462
  raw: "false"
- kind: Comma
  span:
    start: 2462
    end: 2463
  raw: ","
- kind: "False"
  span:
    start: 2464
    end: 2469
  raw: "false"
- kind: Comma
  span:
    start: 2469
    end: 2470
  raw: ","
- kind: Integer
  span:
    start: 2471
    end: 2472
  raw: "0"
- kind: Newline
  span:
    start: 2472
    end: 2473
  raw: "\n"
- kind:
    ActionName: Push
  span:
    start: 2473
    end: 2477
  raw: Push
- kind:
    Constant: 15
  span:
    start: 2478
    end: 2488
  raw: constant15
- kind: Newline
  span:
    start: 2488
    end: 2489
  raw: "\n"
- kind:
    ActionName: Push
  span:
    start: 2489
    end: 2493
  raw: Push
- kind:
    Constant: 18
  span:
    start: 2494
    end: 2504
  raw: constant18
- kind: Newline
  span:
    start: 2504
    end: 2505
  raw: "\n"
- kind:
    ActionName: GetUrl2
  span:
    start: 2505
    end: 2512
  raw: GetURL2
- kind: "False"
  span:
    start: 2513
    end: 2518
  raw: "false"
- kind: Comma
  span:
    start: 2518
    end: 2519
  raw: ","
- kind: "False"
  span:
    start: 2520
    end: 2525
  raw: "false"
- kind: Comma
  span:
    start: 2525
    end: 2526
  raw: ","
- kind: Integer
  span:
    start: 2527
    end: 2528
  raw: "0"
- kind: Newline
  span:
    start: 2528
    end: 2529
  raw: "\n"
- kind:
    ActionName: Push
  span:
    start: 2529
    end: 2533
  raw: Push
- kind:
    Constant: 16
  span:
    start: 2534
    end: 2544
  raw: constant16
- kind: Newline
  span:
    start: 2544
    end: 2545
  raw: "\n"
- kind:
    ActionName: Push
  span:
    start: 2545
    end: 2549
  raw: Push
- kind:
    Constant: 7
  span:
    start: 2550
    end: 2559
  raw: constant7
- kind: Newline
  span:
    start: 2559
    end: 2560
  raw: "\n"
- kind:
    ActionName: Push
  span:
    start: 2560
    end: 2564
  raw: Push
- kind:
    Constant: 0
  span:
    start: 2565
    end: 2574
  raw: constant0
- kind: Newline
  span:
    start: 2574
    end: 2575
  raw: "\n"
- kind:
    ActionName: GetVariable
  span:
    start: 2575
    end: 2586
  raw: GetVariable
- kind: Newline
  span:
    start: 2586
    end: 2587
  raw: "\n"
- kind:
    ActionName: StringAdd
  span:
    start: 2587
    end: 2596
  raw: StringAdd
- kind: Newline
  span:
    start: 2596
    end: 2597
  raw: "\n"
- kind:
    ActionName: GetUrl2
  span:
    start: 2597
    end: 2604
  raw: GetURL2
- kind: "False"
  span:
    start: 2605
    end: 2610
  raw: "false"
- kind: Comma
  span:
    start: 2610
    end: 2611
  raw: ","
- kind: "False"
  span:
    start: 2612
    end: 2617
  raw: "false"
- kind: Comma
  span:
    start: 2617
    end: 2618
  raw: ","
- kind: Integer
  span:
    start: 2619
    end: 2620
  raw: "0"
- kind: Newline
  span:
    start: 2620
    end: 2621
  raw: "\n"
- kind:
    ActionName: Push
  span:
    start: 2621
    end: 2625
  raw: Push
- kind:
    Constant: 17
  span:
    start: 2626
    end: 2636
  raw: constant17
- kind: Newline
  span:
    start: 2636
    end: 2637
  raw: "\n"
- kind:
    ActionName: Push
  span:
    start: 2637
    end: 2641
  raw: Push
- kind:
    Constant: 7
  span:
    start: 2642
    end: 2651
  raw: constant7
- kind: Newline
  span:
    start: 2651
    end: 2652
  raw: "\n"
- kind:
    ActionName: Push
  span:
    start: 2652
    end: 2656
  raw: Push
- kind:
    Constant: 0
  span:
    start: 2657
    end: 2666
  raw: constant0
- kind: Newline
  span:
    start: 2666
    end: 2667
  raw: "\n"
- kind:
    ActionName: GetVariable
  span:
    start: 2667
    end: 2678
  raw: GetVariable
- kind: Newline
  span:
    start: 2678
    end: 2679
  raw: "\n"
- kind:
    ActionName: StringAdd
  span:
    start: 2679
    end: 2688
  raw: StringAdd
- kind: Newline
  span:
    start: 2688
    end: 2689
  raw: "\n"
- kind:
    ActionName: GetUrl2
  span:
    start: 2689
    end: 2696
  raw: GetURL2
- kind: "False"
  span:
    start: 2697
    end: 2702
  raw: "false"
- kind: Comma
  span:
    start: 2702
    end: 2703
  raw: ","
- kind: "False"
  span:
    start: 2704
    end: 2709
  raw: "false"
- kind: Comma
  span:
    start: 2709
    end: 2710
  raw: ","
- kind: Integer
  span:
    start: 2711
    end: 2712
  raw: "0"
- kind: Newline
  span:
    start: 2712
    end: 2713
  raw: "\n"
- kind:
    ActionName: Push
  span:
    start: 2713
    end: 2717
  raw: Push
- kind:
    Constant: 9
  span:
    start: 2718
    end: 2727
  raw: constant9
- kind: Newline
  span:
    start: 2727
    end: 2728
  raw: "\n"
- kind:
    ActionName: Push
  span:
    start: 2728
    end: 2732
  raw: Push
- kind:
    Constant: 18
  span:
    start: 2733
    end: 2743
  raw: constant18
- kind: Newline
  span:
    start: 2743
    end: 2744
  raw: "\n"
- kind:
    ActionName: GetUrl2
  span:
    start: 2744
    end: 2751
  raw: GetURL2
- kind: "False"
  span:
    start: 2752
    end: 2757
  raw: "false"
- kind: Comma
  span:
    start: 2757
    end: 2758
  raw: ","
- kind: "False"
  span:
    start: 2759
    end: 2764
  raw: "false"
- kind: Comma
  span:
    start: 2764
    end: 2765
  raw: ","
- kind: Integer
  span:
    start: 2766
    end: 2767
  raw: "0"
- kind: Newline
  span:
    start: 2767
    end: 2768
  raw: "\n"
- kind:
    ActionName: Push
  span:
    start: 2768
    end: 2772
  raw: Push
- kind:
    Constant: 11
  span:
    start: 2773
    end: 2783
  raw: constant11
- kind: Newline
  span:
    start: 2783
    end: 2784
  raw: "\n"
- kind:
    ActionName: Push
  span:
    start: 2784
    end: 2788
  raw: Push
- kind:
    Constant: 7
  span:
    start: 2789
    end: 2798
  raw: constant7
- kind: Newline
  span:
    start: 2798
    end: 2799
  raw: "\n"
- kind:
    ActionName: Push
  span:
    start: 2799
    end: 2803
  raw: Push
- kind:
    Constant: 0
  span:
    start: 2804
    end: 2813
  raw: constant0
- kind: Newline
  span:
    start: 2813
    end: 2814
  raw: "\n"
- kind:
    ActionName: GetVariable
  span:
    start: 2814
    end: 2825
  raw: GetVariable
- kind: Newline
  span:
    start: 2825
    end: 2826
  raw: "\n"
- kind:
    ActionName: StringAdd
  span:
    start: 2826
    end: 2835
  raw: StringAdd
- kind: Newline
  span:
    start: 2835
    end: 2836
  raw: "\n"
- kind:
    ActionName: GetUrl2
  span:
    start: 2836
    end: 2843
  raw: GetURL2
- kind: "False"
  span:
    start: 2844
    end: 2849
  raw: "false"
- kind: Comma
  span:
    start: 2849
    end: 2850
  raw: ","
- kind: "False"
  span:
    start: 2851
    end: 2856
  raw: "false"
- kind: Comma
  span:
    start: 2856
    end: 2857
  raw: ","
- kind: Integer
  span:
    start: 2858
    end: 2859
  raw: "0"
- kind: Newline
  span:
    start: 2859
    end: 2860
  raw: "\n"
- kind:
    ActionName: Push
  span:
    start: 2860
    end: 2864
  raw: Push
- kind:
    Constant: 13
  span:
    start: 2865
    end: 2875
  raw: constant13
- kind: Newline
  span:
    start: 2875
    end: 2876
  raw: "\n"
- kind:
    ActionName: Push
  span:
    start: 2876
    end: 2880
  raw: Push
- kind:
    Constant: 7
  span:
    start: 2881
    end: 2890
  raw: constant7
- kind: Newline
  span:
    start: 2890
    end: 2891
  raw: "\n"
- kind:
    ActionName: Push
  span:
    start: 2891
    end: 2895
  raw: Push
- kind:
    Constant: 0
  span:
    start: 2896
    end: 2905
  raw: constant0
- kind: Newline
  span:
    start: 2905
    end: 2906
  raw: "\n"
- kind:
    ActionName: GetVariable
  span:
    start: 2906
    end: 2917
  raw: GetVariable
- kind: Newline
  span:
    start: 2917
    end: 2918
  raw: "\n"
- kind:
    ActionName: StringAdd
  span:
    start: 2918
    end: 2927
  raw: StringAdd
- kind: Newline
  span:
    start: 2927
    end: 2928
  raw: "\n"
- kind:
    ActionName: GetUrl2
  span:
    start: 2928
    end: 2935
  raw: GetURL2
- kind: "False"
  span:
    start: 2936
    end: 2941
  raw: "false"
- kind: Comma
  span:
    start: 2941
    end: 2942
  raw: ","
- kind: "False"
  span:
    start: 2943
    end: 2948
  raw: "false"
- kind: Comma
  span:
    start: 2948
    end: 2949
  raw: ","
- kind: Integer
  span:
    start: 2950
    end: 2951
  raw: "0"
- kind: Newline
  span:
    start: 2951
    end: 2952
  raw: "\n"
- kind:
    ActionName: Push
  span:
    start: 2952
    end: 2956
  raw: Push
- kind: Integer
  span:
    start: 2957
    end: 2960
  raw: "123"
- kind: Newline
  span:
    start: 2960
    end: 2961
  raw: "\n"
- kind:
    ActionName: RandomNumber
  span:
    start: 2961
    end: 2973
  raw: RandomNumber
- kind: Newline
  span:
    start: 2973
    end: 2974
  raw: "\n"
- kind:
    ActionName: Pop
  span:
    start: 2974
    end: 2977
  raw: Pop
- kind: Newline
  span:
    start: 2977
    end: 2978
  raw: "\n"
- kind:
    ActionName: Push
  span:
    start: 2978
    end: 2982
  raw: Push
- kind:
    Constant: 0
  span:
    start: 2983
    end: 2992
  raw: constant0
- kind: Newline
  span:
    start: 2992
    end: 2993
  raw: "\n"
- kind:
    ActionName: GetVariable
  span:
    start: 2993
    end: 3004
  raw: GetVariable
- kind: Newline
  span:
    start: 3004
    end: 3005
  raw: "\n"
- kind:
    ActionName: RemoveSprite
  span:
    start: 3005
    end: 3017
  raw: RemoveSprite
- kind: Newline
  span:
    start: 3017
    end: 3018
  raw: "\n"
- kind:
    ActionName: Push
  span:
    start: 3018
    end: 3022
  raw: Push
- kind: Integer
  span:
    start: 3023
    end: 3024
  raw: "0"
- kind: Newline
  span:
    start: 3024
    end: 3025
  raw: "\n"
- kind:
    ActionName: Push
  span:
    start: 3025
    end: 3029
  raw: Push
- kind: Integer
  span:
    start: 3030
    end: 3031
  raw: "0"
- kind: Newline
  span:
    start: 3031
    end: 3032
  raw: "\n"
- kind:
    ActionName: Push
  span:
    start: 3032
    end: 3036
  raw: Push
- kind:
    Constant: 0
  span:
    start: 3037
    end: 3046
  raw: constant0
- kind: Newline
  span:
    start: 3046
    end: 3047
  raw: "\n"
- kind:
    ActionName: GetVariable
  span:
    start: 3047
    end: 3058
  raw: GetVariable
- kind: Newline
  span:
    start: 3058
    end: 3059
  raw: "\n"
- kind:
    ActionName: StartDrag
  span:
    start: 3059
    end: 3068
  raw: StartDrag
- kind: Newline
  span:
    start: 3068
    end: 3069
  raw: "\n"
- kind:
    ActionName: Push
  span:
    start: 3069
    end: 3073
  raw: Push
- kind: Integer
  span:
    start: 3074
    end: 3075
  raw: "0"
- kind: Newline
  span:
    start: 3075
    end: 3076
  raw: "\n"
- kind:
    ActionName: Push
  span:
    start: 3076
    end: 3080
  raw: Push
- kind: Integer
  span:
    start: 3081
    end: 3082
  raw: "1"
- kind: Newline
  span:
    start: 3082
    end: 3083
  raw: "\n"
- kind:
    ActionName: Push
  span:
    start: 3083
    end: 3087
  raw: Push
- kind:
    Constant: 0
  span:
    start: 3088
    end: 3097
  raw: constant0
- kind: Newline
  span:
    start: 3097
    end: 3098
  raw: "\n"
- kind:
    ActionName: GetVariable
  span:
    start: 3098
    end: 3109
  raw: GetVariable
- kind: Newline
  span:
    start: 3109
    end: 3110
  raw: "\n"
- kind:
    ActionName: StartDrag
  span:
    start: 3110
    end: 3119
  raw: StartDrag
- kind: Newline
  span:
    start: 3119
    end: 3120
  raw: "\n"
- kind:
    ActionName: Push
  span:
    start: 3120
    end: 3124
  raw: Push
- kind: Integer
  span:
    start: 3125
    end: 3126
  raw: "0"
- kind: Newline
  span:
    start: 3126
    end: 3127
  raw: "\n"
- kind:
    ActionName: Push
  span:
    start: 3127
    end: 3131
  raw: Push
- kind: Integer
  span:
    start: 3132
    end: 3133
  raw: "0"
- kind: Newline
  span:
    start: 3133
    end: 3134
  raw: "\n"
- kind:
    ActionName: Push
  span:
    start: 3134
    end: 3138
  raw: Push
- kind:
    Constant: 0
  span:
    start: 3139
    end: 3148
  raw: constant0
- kind: Newline
  span:
    start: 3148
    end: 3149
  raw: "\n"
- kind:
    ActionName: GetVariable
  span:
    start: 3149
    end: 3160
  raw: GetVariable
- kind: Newline
  span:
    start: 3160
    end: 3161
  raw: "\n"
- kind:
    ActionName: StartDrag
  span:
    start: 3161
    end: 3170
  raw: StartDrag
- kind: Newline
  span:
    start: 3170
    end: 3171
  raw: "\n"
- kind:
    ActionName: Push
  span:
    start: 3171
    end: 3175
  raw: Push
- kind: Integer
  span:
    start: 3176
    end: 3177
  raw: "1"
- kind: Newline
  span:
    start: 3177
    end: 3178
  raw: "\n"
- kind:
    ActionName: Push
  span:
    start: 3178
    end: 3182
  raw: Push
- kind: Integer
  span:
    start: 3183
    end: 3184
  raw: "2"
- kind: Newline
  span:
    start: 3184
    end: 3185
  raw: "\n"
- kind:
    ActionName: Push
  span:
    start: 3185
    end: 3189
  raw: Push
- kind: Integer
  span:
    start: 3190
    end: 3191
  raw: "3"
- kind: Newline
  span:
    start: 3191
    end: 3192
  raw: "\n"
- kind:
    ActionName: Push
  span:
    start: 3192
    end: 3196
  raw: Push
- kind: Integer
  span:
    start: 3197
    end: 3198
  raw: "4"
- kind: Newline
  span:
    start: 3198
    end: 3199
  raw: "\n"
- kind:
    ActionName: Push
  span:
    start: 3199
    end: 3203
  raw: Push
- kind: Integer
  span:
    start: 3204
    end: 3205
  raw: "1"
- kind: Newline
  span:
    start: 3205
    end: 3206
  raw: "\n"
- kind:
    ActionName: Push
  span:
    start: 3206
    end: 3210
  raw: Push
- kind: Integer
  span:
    start: 3211
    end: 3212
  raw: "1"
- kind: Newline
  span:
    start: 3212
    end: 3213
  raw: "\n"
- kind:
    ActionName: Push
  span:
    start: 3213
    end: 3217
  raw: Push
- kind:
    Constant: 0
  span:
    start: 3218
    end: 3227
  raw: constant0
- kind: Newline
  span:
    start: 3227
    end: 3228
  raw: "\n"
- kind:
    ActionName: GetVariable
  span:
    start: 3228
    end: 3239
  raw: GetVariable
- kind: Newline
  span:
    start: 3239
    end: 3240
  raw: "\n"
- kind:
    ActionName: StartDrag
  span:
    start: 3240
    end: 3249
  raw: StartDrag
- kind: Newline
  span:
    start: 3249
    end: 3250
  raw: "\n"
- kind:
    ActionName: Stop
  span:
    start: 3250
    end: 3254
  raw: Stop
- kind: Newline
  span:
    start: 3254
    end: 3255
  raw: "\n"
- kind:
    ActionName: StopSounds
  span:
    start: 3255
    end: 3265
  raw: StopSounds
- kind: Newline
  span:
    start: 3265
    end: 3266
  raw: "\n"
- kind:
    ActionName: EndDrag
  span:
    start: 3266
    end: 3273
  raw: EndDrag
- kind: Newline
  span:
    start: 3273
    end: 3274
  raw: "\n"
- kind:
    ActionName: Push
  span:
    start: 3274
    end: 3278
  raw: Push
- kind:
    Constant: 19
  span:
    start: 3279
    end: 3289
  raw: constant19
- kind: Newline
  span:
    start: 3289
    end: 3290
  raw: "\n"
- kind:
    ActionName: Trace
  span:
    start: 3290
    end: 3295
  raw: Trace
- kind: Newline
  span:
    start: 3295
    end: 3296
  raw: "\n"
